Archive member included to satisfy reference by file (symbol)

/usr/lib/gcc/arm-none-eabi/10.3.1/../../../arm-none-eabi/lib/thumb/v7e-m+fp/hard/libc_nano.a(lib_a-atexit.o)
                              /usr/lib/gcc/arm-none-eabi/10.3.1/../../../arm-none-eabi/lib/thumb/v7e-m+fp/hard/crt0.o (atexit)
/usr/lib/gcc/arm-none-eabi/10.3.1/../../../arm-none-eabi/lib/thumb/v7e-m+fp/hard/libc_nano.a(lib_a-ctype_.o)
                              _build/nrf52832_xxaa/nrf_log_str_formatter.c.o (_ctype_)
/usr/lib/gcc/arm-none-eabi/10.3.1/../../../arm-none-eabi/lib/thumb/v7e-m+fp/hard/libc_nano.a(lib_a-exit.o)
                              /usr/lib/gcc/arm-none-eabi/10.3.1/../../../arm-none-eabi/lib/thumb/v7e-m+fp/hard/crt0.o (exit)
/usr/lib/gcc/arm-none-eabi/10.3.1/../../../arm-none-eabi/lib/thumb/v7e-m+fp/hard/libc_nano.a(lib_a-fini.o)
                              /usr/lib/gcc/arm-none-eabi/10.3.1/../../../arm-none-eabi/lib/thumb/v7e-m+fp/hard/crt0.o (__libc_fini_array)
/usr/lib/gcc/arm-none-eabi/10.3.1/../../../arm-none-eabi/lib/thumb/v7e-m+fp/hard/libc_nano.a(lib_a-impure.o)
                              /usr/lib/gcc/arm-none-eabi/10.3.1/../../../arm-none-eabi/lib/thumb/v7e-m+fp/hard/libc_nano.a(lib_a-exit.o) (_global_impure_ptr)
/usr/lib/gcc/arm-none-eabi/10.3.1/../../../arm-none-eabi/lib/thumb/v7e-m+fp/hard/libc_nano.a(lib_a-init.o)
                              /usr/lib/gcc/arm-none-eabi/10.3.1/../../../arm-none-eabi/lib/thumb/v7e-m+fp/hard/crt0.o (__libc_init_array)
/usr/lib/gcc/arm-none-eabi/10.3.1/../../../arm-none-eabi/lib/thumb/v7e-m+fp/hard/libc_nano.a(lib_a-memcmp.o)
                              _build/nrf52832_xxaa/ble_advdata.c.o (memcmp)
/usr/lib/gcc/arm-none-eabi/10.3.1/../../../arm-none-eabi/lib/thumb/v7e-m+fp/hard/libc_nano.a(lib_a-memcpy.o)
                              _build/nrf52832_xxaa/nrf_log_frontend.c.o (memcpy)
/usr/lib/gcc/arm-none-eabi/10.3.1/../../../arm-none-eabi/lib/thumb/v7e-m+fp/hard/libc_nano.a(lib_a-memset.o)
                              /usr/lib/gcc/arm-none-eabi/10.3.1/../../../arm-none-eabi/lib/thumb/v7e-m+fp/hard/crt0.o (memset)
/usr/lib/gcc/arm-none-eabi/10.3.1/../../../arm-none-eabi/lib/thumb/v7e-m+fp/hard/libc_nano.a(lib_a-strcpy.o)
                              _build/nrf52832_xxaa/SEGGER_RTT.c.o (strcpy)
/usr/lib/gcc/arm-none-eabi/10.3.1/../../../arm-none-eabi/lib/thumb/v7e-m+fp/hard/libc_nano.a(lib_a-strlen.o)
                              _build/nrf52832_xxaa/nrf_log_frontend.c.o (strlen)
/usr/lib/gcc/arm-none-eabi/10.3.1/../../../arm-none-eabi/lib/thumb/v7e-m+fp/hard/libc_nano.a(lib_a-__atexit.o)
                              /usr/lib/gcc/arm-none-eabi/10.3.1/../../../arm-none-eabi/lib/thumb/v7e-m+fp/hard/libc_nano.a(lib_a-atexit.o) (__register_exitproc)
/usr/lib/gcc/arm-none-eabi/10.3.1/../../../arm-none-eabi/lib/thumb/v7e-m+fp/hard/libc_nano.a(lib_a-__call_atexit.o)
                              /usr/lib/gcc/arm-none-eabi/10.3.1/../../../arm-none-eabi/lib/thumb/v7e-m+fp/hard/libc_nano.a(lib_a-__atexit.o) (__call_exitprocs)
/usr/lib/gcc/arm-none-eabi/10.3.1/../../../arm-none-eabi/lib/thumb/v7e-m+fp/hard/libnosys.a(_exit.o)
                              /usr/lib/gcc/arm-none-eabi/10.3.1/../../../arm-none-eabi/lib/thumb/v7e-m+fp/hard/libc_nano.a(lib_a-exit.o) (_exit)

Discarded input sections

 .text          0x0000000000000000        0x0 /usr/lib/gcc/arm-none-eabi/10.3.1/thumb/v7e-m+fp/hard/crti.o
 .data          0x0000000000000000        0x0 /usr/lib/gcc/arm-none-eabi/10.3.1/thumb/v7e-m+fp/hard/crti.o
 .bss           0x0000000000000000        0x0 /usr/lib/gcc/arm-none-eabi/10.3.1/thumb/v7e-m+fp/hard/crti.o
 .data          0x0000000000000000        0x4 /usr/lib/gcc/arm-none-eabi/10.3.1/thumb/v7e-m+fp/hard/crtbegin.o
 .rodata        0x0000000000000000       0x24 /usr/lib/gcc/arm-none-eabi/10.3.1/thumb/v7e-m+fp/hard/crtbegin.o
 .data          0x0000000000000000        0x0 /usr/lib/gcc/arm-none-eabi/10.3.1/../../../arm-none-eabi/lib/thumb/v7e-m+fp/hard/crt0.o
 .bss           0x0000000000000000        0x0 /usr/lib/gcc/arm-none-eabi/10.3.1/../../../arm-none-eabi/lib/thumb/v7e-m+fp/hard/crt0.o
 .ARM.extab     0x0000000000000000        0x0 /usr/lib/gcc/arm-none-eabi/10.3.1/../../../arm-none-eabi/lib/thumb/v7e-m+fp/hard/crt0.o
 .data          0x0000000000000000        0x0 _build/nrf52832_xxaa/gcc_startup_nrf52.S.o
 .bss           0x0000000000000000        0x0 _build/nrf52832_xxaa/gcc_startup_nrf52.S.o
 .text          0x0000000000000000        0x0 _build/nrf52832_xxaa/nrf_log_backend_rtt.c.o
 .data          0x0000000000000000        0x0 _build/nrf52832_xxaa/nrf_log_backend_rtt.c.o
 .bss           0x0000000000000000        0x0 _build/nrf52832_xxaa/nrf_log_backend_rtt.c.o
 .text.sd_mbr_command
                0x0000000000000000        0x8 _build/nrf52832_xxaa/nrf_log_backend_rtt.c.o
 .debug_info    0x0000000000000000      0x235 _build/nrf52832_xxaa/nrf_log_backend_rtt.c.o
 .debug_abbrev  0x0000000000000000       0xdc _build/nrf52832_xxaa/nrf_log_backend_rtt.c.o
 .debug_aranges
[...]
Memory Configuration

Name             Origin             Length             Attributes
FLASH            0x0000000000026000 0x000000000005a000 xr
RAM              0x00000000200022f0 0x000000000000dd10 xrw
*default*        0x0000000000000000 0xffffffffffffffff

Linker script and memory map


.text           0x0000000000026000     0xd418
 *(.isr_vector)
 .isr_vector    0x0000000000026000      0x200 _build/nrf52832_xxaa/gcc_startup_nrf52.S.o
                0x0000000000026000                __isr_vector
 *(.text*)
 .text          0x0000000000026200       0x88 /usr/lib/gcc/arm-none-eabi/10.3.1/thumb/v7e-m+fp/hard/crtbegin.o
 .text          0x0000000000026288       0x70 /usr/lib/gcc/arm-none-eabi/10.3.1/../../../arm-none-eabi/lib/thumb/v7e-m+fp/hard/crt0.o
                0x0000000000026288                _stack_init
                0x0000000000026290                _mainCRTStartup
                0x0000000000026290                _start
 .text          0x00000000000262f8       0x3c _build/nrf52832_xxaa/gcc_startup_nrf52.S.o
                0x00000000000262f8                Reset_Handler
                0x0000000000026320                NMI_Handler
                0x0000000000026322                HardFault_Handler
                0x0000000000026324                MemoryManagement_Handler
                0x0000000000026326                BusFault_Handler
                0x0000000000026328                UsageFault_Handler
                0x000000000002632a                SVC_Handler
                0x000000000002632c                DebugMon_Handler
                0x000000000002632e                PendSV_Handler
                0x0000000000026330                SysTick_Handler
                0x0000000000026332                TIMER2_IRQHandler
                0x0000000000026332                RTC0_IRQHandler
                0x0000000000026332                SWI0_EGU0_IRQHandler
                0x0000000000026332                PWM1_IRQHandler
                0x0000000000026332                RADIO_IRQHandler
                0x0000000000026332                PDM_IRQHandler
                0x0000000000026332                TEMP_IRQHandler
                0x0000000000026332                QDEC_IRQHandler
                0x0000000000026332                TIMER3_IRQHandler
                0x0000000000026332                FPU_IRQHandler
                0x0000000000026332                TIMER4_IRQHandler
                0x0000000000026332                I2S_IRQHandler
                0x0000000000026332                SWI4_EGU4_IRQHandler
                0x0000000000026332                TIMER0_IRQHandler
                0x0000000000026332                TIMER1_IRQHandler
                0x0000000000026332                PWM2_IRQHandler
                0x0000000000026332                ECB_IRQHandler
                0x0000000000026332                SPIM1_SPIS1_TWIM1_TWIS1_SPI1_TWI1_IRQHandler
                0x0000000000026332                Default_Handler
                0x0000000000026332                SAADC_IRQHandler
                0x0000000000026332                CCM_AAR_IRQHandler
                0x0000000000026332                WDT_IRQHandler
                0x0000000000026332                SWI5_EGU5_IRQHandler
                0x0000000000026332                RNG_IRQHandler
                0x0000000000026332                RTC2_IRQHandler
                0x0000000000026332                PWM0_IRQHandler
                0x0000000000026332                SWI3_EGU3_IRQHandler
                0x0000000000026332                SWI1_EGU1_IRQHandler
                0x0000000000026332                SPIM2_SPIS2_SPI2_IRQHandler
                0x0000000000026332                NFCT_IRQHandler
                0x0000000000026332                MWU_IRQHandler
                0x0000000000026332                COMP_LPCOMP_IRQHandler
 .text.nrf_log_backend_serial_put
                0x0000000000026334      0x132 _build/nrf52832_xxaa/nrf_log_backend_serial.c.o
                0x0000000000026334                nrf_log_backend_serial_put
 *fill*         0x0000000000026466        0x2 
 .text.nrf_drv_uart_uninit
                0x0000000000026468       0x48 _build/nrf52832_xxaa/nrf_log_backend_uart.c.o
 .text.nrf_drv_uart_tx
                0x00000000000264b0       0x60 _build/nrf52832_xxaa/nrf_log_backend_uart.c.o
 .text.uart_evt_handler
                0x0000000000026510       0x20 _build/nrf52832_xxaa/nrf_log_backend_uart.c.o
 .text.uart_init
                0x0000000000026530       0x84 _build/nrf52832_xxaa/nrf_log_backend_uart.c.o
 .text.nrf_log_backend_uart_init
                0x00000000000265b4       0x1a _build/nrf52832_xxaa/nrf_log_backend_uart.c.o
                0x00000000000265b4                nrf_log_backend_uart_init
 *fill*         0x00000000000265ce        0x2 
 .text.serial_tx
                0x00000000000265d0       0x64 _build/nrf52832_xxaa/nrf_log_backend_uart.c.o
 .text.nrf_log_backend_uart_put
                0x0000000000026634       0x2c _build/nrf52832_xxaa/nrf_log_backend_uart.c.o
 .text.nrf_log_backend_uart_flush
                0x0000000000026660       0x14 _build/nrf52832_xxaa/nrf_log_backend_uart.c.o
 .text.nrf_log_backend_uart_panic_set
                0x0000000000026674       0x20 _build/nrf52832_xxaa/nrf_log_backend_uart.c.o
 .text.nrf_log_backend_enable
                0x0000000000026694       0x1c _build/nrf52832_xxaa/nrf_log_default_backends.c.o
 .text.nrf_log_default_backends_init
                0x00000000000266b0       0x2c _build/nrf52832_xxaa/nrf_log_default_backends.c.o
                0x00000000000266b0                nrf_log_default_backends_init
 .text.nrf_log_backend_put
                0x00000000000266dc       0x1e _build/nrf52832_xxaa/nrf_log_frontend.c.o
 .text.nrf_log_backend_panic_set
                0x00000000000266fa       0x1a _build/nrf52832_xxaa/nrf_log_frontend.c.o
 .text.nrf_log_backend_flush
                0x0000000000026714       0x1a _build/nrf52832_xxaa/nrf_log_frontend.c.o
 .text.nrf_log_backend_id_set
                0x000000000002672e       0x20 _build/nrf52832_xxaa/nrf_log_frontend.c.o
 .text.nrf_log_backend_id_get
                0x000000000002674e       0x1a _build/nrf52832_xxaa/nrf_log_frontend.c.o
 .text.nrf_log_backend_enable
                0x0000000000026768       0x1c _build/nrf52832_xxaa/nrf_log_frontend.c.o
 .text.nrf_log_backend_is_enabled
                0x0000000000026784       0x1a _build/nrf52832_xxaa/nrf_log_frontend.c.o
 *fill*         0x000000000002679e        0x2 
 .text.nrf_log_init
                0x00000000000267a0       0x50 _build/nrf52832_xxaa/nrf_log_frontend.c.o
                0x00000000000267a0                nrf_log_init
 .text.nrf_log_module_cnt_get
                0x00000000000267f0       0x20 _build/nrf52832_xxaa/nrf_log_frontend.c.o
                0x00000000000267f0                nrf_log_module_cnt_get
 .text.module_idx_get
                0x0000000000026810       0x60 _build/nrf52832_xxaa/nrf_log_frontend.c.o
 .text.nrf_log_module_name_get
                0x0000000000026870       0x3c _build/nrf52832_xxaa/nrf_log_frontend.c.o
                0x0000000000026870                nrf_log_module_name_get
 .text.nrf_log_color_id_get
                0x00000000000268ac       0x68 _build/nrf52832_xxaa/nrf_log_frontend.c.o
                0x00000000000268ac                nrf_log_color_id_get
 .text.invalid_packets_omit
                0x0000000000026914       0x72 _build/nrf52832_xxaa/nrf_log_frontend.c.o
 *fill*         0x0000000000026986        0x2 
 .text.log_skip
                0x0000000000026988       0xfc _build/nrf52832_xxaa/nrf_log_frontend.c.o
 .text.dropped_sat16_get
                0x0000000000026a84       0x2c _build/nrf52832_xxaa/nrf_log_frontend.c.o
 .text.std_header_set
                0x0000000000026ab0       0x9c _build/nrf52832_xxaa/nrf_log_frontend.c.o
 .text.log_pending_hook
                0x0000000000026b4c        0xe _build/nrf52832_xxaa/nrf_log_frontend.c.o
                0x0000000000026b4c                log_pending_hook
 *fill*         0x0000000000026b5a        0x2 
 .text.buf_prealloc
                0x0000000000026b5c      0x118 _build/nrf52832_xxaa/nrf_log_frontend.c.o
 .text.std_n    0x0000000000026c74       0x9c _build/nrf52832_xxaa/nrf_log_frontend.c.o
 .text.nrf_log_frontend_std_0
                0x0000000000026d10       0x1e _build/nrf52832_xxaa/nrf_log_frontend.c.o
                0x0000000000026d10                nrf_log_frontend_std_0
 .text.nrf_log_frontend_std_1
                0x0000000000026d2e       0x26 _build/nrf52832_xxaa/nrf_log_frontend.c.o
                0x0000000000026d2e                nrf_log_frontend_std_1
 .text.nrf_log_frontend_std_2
                0x0000000000026d54       0x2c _build/nrf52832_xxaa/nrf_log_frontend.c.o
                0x0000000000026d54                nrf_log_frontend_std_2
 .text.buffer_is_empty
                0x0000000000026d80       0x24 _build/nrf52832_xxaa/nrf_log_frontend.c.o
                0x0000000000026d80                buffer_is_empty
 .text.nrf_log_frontend_dequeue
                0x0000000000026da4      0x384 _build/nrf52832_xxaa/nrf_log_frontend.c.o
                0x0000000000026da4                nrf_log_frontend_dequeue
 .text.backend_id_assign
                0x0000000000027128       0x64 _build/nrf52832_xxaa/nrf_log_frontend.c.o
 .text.nrf_log_backend_add
                0x000000000002718c       0x70 _build/nrf52832_xxaa/nrf_log_frontend.c.o
                0x000000000002718c                nrf_log_backend_add
 .text.nrf_log_panic
                0x00000000000271fc       0x40 _build/nrf52832_xxaa/nrf_log_frontend.c.o
                0x00000000000271fc                nrf_log_panic
 .text.timestamp_print
                0x000000000002723c       0x16 _build/nrf52832_xxaa/nrf_log_str_formatter.c.o
 *fill*         0x0000000000027252        0x2 
 .text.prefix_process
                0x0000000000027254       0xb4 _build/nrf52832_xxaa/nrf_log_str_formatter.c.o
 .text.postfix_process
                0x0000000000027308       0x60 _build/nrf52832_xxaa/nrf_log_str_formatter.c.o
 .text.nrf_log_std_entry_process
                0x0000000000027368      0x144 _build/nrf52832_xxaa/nrf_log_str_formatter.c.o
                0x0000000000027368                nrf_log_std_entry_process
 .text.nrf_log_hexdump_entry_process
                0x00000000000274ac       0xf0 _build/nrf52832_xxaa/nrf_log_str_formatter.c.o
                0x00000000000274ac                nrf_log_hexdump_entry_process
 .text.state_get
                0x000000000002759c       0x48 _build/nrf52832_xxaa/app_button.c.o
 .text.state_set
                0x00000000000275e4       0x84 _build/nrf52832_xxaa/app_button.c.o
 .text.button_get
                0x0000000000027668       0x54 _build/nrf52832_xxaa/app_button.c.o
 .text.usr_event
                0x00000000000276bc       0x3c _build/nrf52832_xxaa/app_button.c.o
 .text.evt_handle
                0x00000000000276f8      0x19c _build/nrf52832_xxaa/app_button.c.o
                0x00000000000276f8                evt_handle
 .text.timer_start
                0x0000000000027894       0x28 _build/nrf52832_xxaa/app_button.c.o
 .text.detection_delay_timeout_handler
                0x00000000000278bc       0x88 _build/nrf52832_xxaa/app_button.c.o
 .text.gpiote_event_handler
                0x0000000000027944       0x64 _build/nrf52832_xxaa/app_button.c.o
 .text.app_button_init
                0x00000000000279a8       0xf8 _build/nrf52832_xxaa/app_button.c.o
                0x00000000000279a8                app_button_init
 .text.app_button_enable
                0x0000000000027aa0       0x44 _build/nrf52832_xxaa/app_button.c.o
                0x0000000000027aa0                app_button_enable
 .text.app_button_disable
                0x0000000000027ae4       0x74 _build/nrf52832_xxaa/app_button.c.o
                0x0000000000027ae4                app_button_disable
 .text.app_error_handler_bare
                0x0000000000027b58       0x2c _build/nrf52832_xxaa/app_error.c.o
                0x0000000000027b58                app_error_handler_bare
 .text.__NVIC_SystemReset
                0x0000000000027b84       0x2c _build/nrf52832_xxaa/app_error_weak.c.o
 .text.app_error_fault_handler
                0x0000000000027bb0       0x74 _build/nrf52832_xxaa/app_error_weak.c.o
                0x0000000000027bb0                app_error_fault_handler
 .text.__sd_nvic_irq_disable
                0x0000000000027c24       0x22 _build/nrf52832_xxaa/app_util_platform.c.o
 .text.__sd_nvic_irq_enable
                0x0000000000027c46       0x12 _build/nrf52832_xxaa/app_util_platform.c.o
 .text.sd_nvic_critical_region_enter
                0x0000000000027c58       0x74 _build/nrf52832_xxaa/app_util_platform.c.o
 .text.sd_nvic_critical_region_exit
                0x0000000000027ccc       0x50 _build/nrf52832_xxaa/app_util_platform.c.o
 .text.app_util_critical_region_enter
                0x0000000000027d1c       0x16 _build/nrf52832_xxaa/app_util_platform.c.o
                0x0000000000027d1c                app_util_critical_region_enter
 .text.app_util_critical_region_exit
                0x0000000000027d32       0x1a _build/nrf52832_xxaa/app_util_platform.c.o
                0x0000000000027d32                app_util_critical_region_exit
 .text.nrf_atfifo_wspace_req
                0x0000000000027d4c       0x5a _build/nrf52832_xxaa/nrf_atfifo.c.o
 .text.nrf_atfifo_wspace_close
                0x0000000000027da6       0x2a _build/nrf52832_xxaa/nrf_atfifo.c.o
 .text.nrf_atfifo_rspace_req
                0x0000000000027dd0       0x5c _build/nrf52832_xxaa/nrf_atfifo.c.o
 .text.nrf_atfifo_rspace_close
                0x0000000000027e2c       0x2a _build/nrf52832_xxaa/nrf_atfifo.c.o
 .text.nrf_atfifo_init
                0x0000000000027e56       0x64 _build/nrf52832_xxaa/nrf_atfifo.c.o
                0x0000000000027e56                nrf_atfifo_init
 .text.nrf_atfifo_item_alloc
                0x0000000000027eba       0x34 _build/nrf52832_xxaa/nrf_atfifo.c.o
                0x0000000000027eba                nrf_atfifo_item_alloc
 .text.nrf_atfifo_item_put
                0x0000000000027eee       0x2a _build/nrf52832_xxaa/nrf_atfifo.c.o
                0x0000000000027eee                nrf_atfifo_item_put
 .text.nrf_atfifo_item_get
                0x0000000000027f18       0x34 _build/nrf52832_xxaa/nrf_atfifo.c.o
                0x0000000000027f18                nrf_atfifo_item_get
 .text.nrf_atfifo_item_free
                0x0000000000027f4c       0x2a _build/nrf52832_xxaa/nrf_atfifo.c.o
                0x0000000000027f4c                nrf_atfifo_item_free
 .text.nrf_atflags_set
                0x0000000000027f76       0x32 _build/nrf52832_xxaa/nrf_atflags.c.o
                0x0000000000027f76                nrf_atflags_set
 .text.nrf_atflags_clear
                0x0000000000027fa8       0x34 _build/nrf52832_xxaa/nrf_atflags.c.o
                0x0000000000027fa8                nrf_atflags_clear
 .text.nrf_atflags_get
                0x0000000000027fdc       0x3a _build/nrf52832_xxaa/nrf_atflags.c.o
                0x0000000000027fdc                nrf_atflags_get
 .text.nrf_atomic_u32_fetch_store
                0x0000000000028016       0x30 _build/nrf52832_xxaa/nrf_atomic.c.o
                0x0000000000028016                nrf_atomic_u32_fetch_store
 .text.nrf_atomic_u32_or
                0x0000000000028046       0x32 _build/nrf52832_xxaa/nrf_atomic.c.o
                0x0000000000028046                nrf_atomic_u32_or
 .text.nrf_atomic_u32_fetch_and
                0x0000000000028078       0x32 _build/nrf52832_xxaa/nrf_atomic.c.o
                0x0000000000028078                nrf_atomic_u32_fetch_and
 .text.nrf_atomic_u32_and
                0x00000000000280aa       0x32 _build/nrf52832_xxaa/nrf_atomic.c.o
                0x00000000000280aa                nrf_atomic_u32_and
 .text.nrf_atomic_u32_add
                0x00000000000280dc       0x32 _build/nrf52832_xxaa/nrf_atomic.c.o
                0x00000000000280dc                nrf_atomic_u32_add
 .text.nrf_atomic_u32_sub
                0x000000000002810e       0x32 _build/nrf52832_xxaa/nrf_atomic.c.o
                0x000000000002810e                nrf_atomic_u32_sub
 .text.nrf_atomic_flag_set
                0x0000000000028140       0x1a _build/nrf52832_xxaa/nrf_atomic.c.o
                0x0000000000028140                nrf_atomic_flag_set
 .text.nrf_atomic_flag_clear_fetch
                0x000000000002815a       0x1a _build/nrf52832_xxaa/nrf_atomic.c.o
                0x000000000002815a                nrf_atomic_flag_clear_fetch
 .text.nrf_balloc_idx2block
                0x0000000000028174       0x28 _build/nrf52832_xxaa/nrf_balloc.c.o
 .text.nrf_balloc_block2idx
                0x000000000002819c       0x28 _build/nrf52832_xxaa/nrf_balloc.c.o
 .text.nrf_balloc_init
                0x00000000000281c4       0x58 _build/nrf52832_xxaa/nrf_balloc.c.o
                0x00000000000281c4                nrf_balloc_init
 .text.nrf_balloc_alloc
                0x000000000002821c       0x74 _build/nrf52832_xxaa/nrf_balloc.c.o
                0x000000000002821c                nrf_balloc_alloc
 .text.nrf_balloc_free
                0x0000000000028290       0x42 _build/nrf52832_xxaa/nrf_balloc.c.o
                0x0000000000028290                nrf_balloc_free
 .text.nrf_fprintf_buffer_flush
                0x00000000000282d2       0x32 _build/nrf52832_xxaa/nrf_fprintf.c.o
                0x00000000000282d2                nrf_fprintf_buffer_flush
 .text.nrf_fprintf
                0x0000000000028304       0x38 _build/nrf52832_xxaa/nrf_fprintf.c.o
                0x0000000000028304                nrf_fprintf
 .text.buffer_add
                0x000000000002833c       0x48 _build/nrf52832_xxaa/nrf_fprintf_format.c.o
 .text.string_print
                0x0000000000028384       0xb8 _build/nrf52832_xxaa/nrf_fprintf_format.c.o
 .text.unsigned_print
                0x000000000002843c      0x12c _build/nrf52832_xxaa/nrf_fprintf_format.c.o
 .text.int_print
                0x0000000000028568      0x11e _build/nrf52832_xxaa/nrf_fprintf_format.c.o
 *fill*         0x0000000000028686        0x2 
 .text.nrf_fprintf_fmt
                0x0000000000028688      0x338 _build/nrf52832_xxaa/nrf_fprintf_format.c.o
                0x0000000000028688                nrf_fprintf_fmt
 .text.nrf_memobj_pool_init
                0x00000000000289c0       0x18 _build/nrf52832_xxaa/nrf_memobj.c.o
                0x00000000000289c0                nrf_memobj_pool_init
 .text.nrf_memobj_alloc
                0x00000000000289d8       0xac _build/nrf52832_xxaa/nrf_memobj.c.o
                0x00000000000289d8                nrf_memobj_alloc
 .text.nrf_memobj_free
                0x0000000000028a84       0x70 _build/nrf52832_xxaa/nrf_memobj.c.o
                0x0000000000028a84                nrf_memobj_free
 .text.nrf_memobj_get
                0x0000000000028af4       0x20 _build/nrf52832_xxaa/nrf_memobj.c.o
                0x0000000000028af4                nrf_memobj_get
 .text.nrf_memobj_put
                0x0000000000028b14       0x38 _build/nrf52832_xxaa/nrf_memobj.c.o
                0x0000000000028b14                nrf_memobj_put
 .text.memobj_op
                0x0000000000028b4c      0x104 _build/nrf52832_xxaa/nrf_memobj.c.o
 .text.nrf_memobj_write
                0x0000000000028c50       0x2c _build/nrf52832_xxaa/nrf_memobj.c.o
                0x0000000000028c50                nrf_memobj_write
 .text.nrf_memobj_read
                0x0000000000028c7c       0x2c _build/nrf52832_xxaa/nrf_memobj.c.o
                0x0000000000028c7c                nrf_memobj_read
 .text.__NVIC_ClearPendingIRQ
                0x0000000000028ca8       0x3c _build/nrf52832_xxaa/nrf_pwr_mgmt.c.o
 .text.nrf_mtx_init
                0x0000000000028ce4       0x20 _build/nrf52832_xxaa/nrf_pwr_mgmt.c.o
 .text.sd_app_evt_wait
                0x0000000000028d04        0x8 _build/nrf52832_xxaa/nrf_pwr_mgmt.c.o
 .text.pwr_mgmt_fpu_sleep_prepare
                0x0000000000028d0c       0x44 _build/nrf52832_xxaa/nrf_pwr_mgmt.c.o
 .text.nrf_pwr_mgmt_init
                0x0000000000028d50       0x30 _build/nrf52832_xxaa/nrf_pwr_mgmt.c.o
                0x0000000000028d50                nrf_pwr_mgmt_init
 .text.nrf_pwr_mgmt_run
                0x0000000000028d80       0x2a _build/nrf52832_xxaa/nrf_pwr_mgmt.c.o
                0x0000000000028d80                nrf_pwr_mgmt_run
 .text.nrf_ringbuf_init
                0x0000000000028daa       0x44 _build/nrf52832_xxaa/nrf_ringbuf.c.o
                0x0000000000028daa                nrf_ringbuf_init
 .text.nrf_section_iter_init
                0x0000000000028dee       0x3a _build/nrf52832_xxaa/nrf_section_iter.c.o
                0x0000000000028dee                nrf_section_iter_init
 .text.nrf_section_iter_next
                0x0000000000028e28       0x46 _build/nrf52832_xxaa/nrf_section_iter.c.o
                0x0000000000028e28                nrf_section_iter_next
 .text.nrf_sortlist_add
                0x0000000000028e6e       0x54 _build/nrf52832_xxaa/nrf_sortlist.c.o
                0x0000000000028e6e                nrf_sortlist_add
 .text.nrf_sortlist_pop
                0x0000000000028ec2       0x36 _build/nrf52832_xxaa/nrf_sortlist.c.o
                0x0000000000028ec2                nrf_sortlist_pop
 .text.nrf_sortlist_peek
                0x0000000000028ef8       0x1a _build/nrf52832_xxaa/nrf_sortlist.c.o
                0x0000000000028ef8                nrf_sortlist_peek
 .text.nrf_sortlist_remove
                0x0000000000028f12       0x4a _build/nrf52832_xxaa/nrf_sortlist.c.o
                0x0000000000028f12                nrf_sortlist_remove
 .text.nrf_strerror_get
                0x0000000000028f5c       0x28 _build/nrf52832_xxaa/nrf_strerror.c.o
                0x0000000000028f5c                nrf_strerror_get
 .text.nrf_strerror_find
                0x0000000000028f84       0x70 _build/nrf52832_xxaa/nrf_strerror.c.o
                0x0000000000028f84                nrf_strerror_find
 .text.__NVIC_SystemReset
                0x0000000000028ff4       0x2c _build/nrf52832_xxaa/system_nrf52.c.o
 .text.nrf52_errata_12
                0x0000000000029020       0x94 _build/nrf52832_xxaa/system_nrf52.c.o
 .text.nrf52_errata_16
                0x00000000000290b4       0x74 _build/nrf52832_xxaa/system_nrf52.c.o
 .text.nrf52_errata_31
                0x0000000000029128       0x94 _build/nrf52832_xxaa/system_nrf52.c.o
 .text.nrf52_errata_32
                0x00000000000291bc       0x74 _build/nrf52832_xxaa/system_nrf52.c.o
 .text.nrf52_errata_36
                0x0000000000029230       0x94 _build/nrf52832_xxaa/system_nrf52.c.o
 .text.nrf52_errata_37
                0x00000000000292c4       0x74 _build/nrf52832_xxaa/system_nrf52.c.o
 .text.nrf52_errata_57
                0x0000000000029338       0x74 _build/nrf52832_xxaa/system_nrf52.c.o
 .text.nrf52_errata_66
                0x00000000000293ac       0x94 _build/nrf52832_xxaa/system_nrf52.c.o
 .text.nrf52_errata_108
                0x0000000000029440       0x94 _build/nrf52832_xxaa/system_nrf52.c.o
 .text.nrf52_errata_136
                0x00000000000294d4       0x94 _build/nrf52832_xxaa/system_nrf52.c.o
 .text.nrf52_errata_182
                0x0000000000029568       0x6c _build/nrf52832_xxaa/system_nrf52.c.o
 .text.nrf52_errata_249
                0x00000000000295d4       0x6c _build/nrf52832_xxaa/system_nrf52.c.o
 .text.nrf52_handle_approtect
                0x0000000000029640       0x22 _build/nrf52832_xxaa/system_nrf52.c.o
 *fill*         0x0000000000029662        0x2 
 .text.nvmc_wait
                0x0000000000029664       0x20 _build/nrf52832_xxaa/system_nrf52.c.o
                0x0000000000029664                nvmc_wait
 .text.nvmc_config
                0x0000000000029684       0x20 _build/nrf52832_xxaa/system_nrf52.c.o
                0x0000000000029684                nvmc_config
 .text.SystemCoreClockUpdate
                0x00000000000296a4       0x1c _build/nrf52832_xxaa/system_nrf52.c.o
                0x00000000000296a4                SystemCoreClockUpdate
 .text.SystemInit
                0x00000000000296c0      0x2b0 _build/nrf52832_xxaa/system_nrf52.c.o
                0x00000000000296c0                SystemInit
 .text.nrf_gpio_pin_port_decode
                0x0000000000029970       0x18 _build/nrf52832_xxaa/boards.c.o
 .text.nrf_gpio_cfg
                0x0000000000029988       0x54 _build/nrf52832_xxaa/boards.c.o
 .text.nrf_gpio_cfg_output
                0x00000000000299dc       0x24 _build/nrf52832_xxaa/boards.c.o
 .text.nrf_gpio_cfg_input
                0x0000000000029a00       0x28 _build/nrf52832_xxaa/boards.c.o
 .text.nrf_gpio_pin_set
                0x0000000000029a28       0x2a _build/nrf52832_xxaa/boards.c.o
 .text.nrf_gpio_pin_clear
                0x0000000000029a52       0x2a _build/nrf52832_xxaa/boards.c.o
 .text.nrf_gpio_pin_write
                0x0000000000029a7c       0x26 _build/nrf52832_xxaa/boards.c.o
 .text.nrf_gpio_port_out_set
                0x0000000000029aa2       0x1e _build/nrf52832_xxaa/boards.c.o
 .text.nrf_gpio_port_out_clear
                0x0000000000029ac0       0x1e _build/nrf52832_xxaa/boards.c.o
 *fill*         0x0000000000029ade        0x2 
 .text.bsp_board_led_on
                0x0000000000029ae0       0x24 _build/nrf52832_xxaa/boards.c.o
                0x0000000000029ae0                bsp_board_led_on
 .text.bsp_board_led_off
                0x0000000000029b04       0x24 _build/nrf52832_xxaa/boards.c.o
                0x0000000000029b04                bsp_board_led_off
 .text.bsp_board_leds_off
                0x0000000000029b28       0x28 _build/nrf52832_xxaa/boards.c.o
                0x0000000000029b28                bsp_board_leds_off
 .text.bsp_board_leds_init
                0x0000000000029b50       0x38 _build/nrf52832_xxaa/boards.c.o
 .text.bsp_board_buttons_init
                0x0000000000029b88       0x38 _build/nrf52832_xxaa/boards.c.o
 .text.bsp_board_init
                0x0000000000029bc0       0x2c _build/nrf52832_xxaa/boards.c.o
                0x0000000000029bc0                bsp_board_init
 .text.__NVIC_DisableIRQ
                0x0000000000029bec       0x48 _build/nrf52832_xxaa/nrf_drv_clock.c.o
 .text.nrf_wdt_started
                0x0000000000029c34       0x24 _build/nrf52832_xxaa/nrf_drv_clock.c.o
 .text.lfclk_stop
                0x0000000000029c58       0x28 _build/nrf52832_xxaa/nrf_drv_clock.c.o
 .text.nrf_drv_clock_init
                0x0000000000029c80       0x74 _build/nrf52832_xxaa/nrf_drv_clock.c.o
                0x0000000000029c80                nrf_drv_clock_init
 .text.item_dequeue
                0x0000000000029cf4       0x2a _build/nrf52832_xxaa/nrf_drv_clock.c.o
 *fill*         0x0000000000029d1e        0x2 
 .text.nrf_drv_clock_lfclk_release
                0x0000000000029d20       0x3c _build/nrf52832_xxaa/nrf_drv_clock.c.o
                0x0000000000029d20                nrf_drv_clock_lfclk_release
 .text.clock_clk_started_notify
                0x0000000000029d5c       0x48 _build/nrf52832_xxaa/nrf_drv_clock.c.o
 .text.clock_irq_handler
                0x0000000000029da4       0x3c _build/nrf52832_xxaa/nrf_drv_clock.c.o
 .text.soc_evt_handler
                0x0000000000029de0       0x28 _build/nrf52832_xxaa/nrf_drv_clock.c.o
 .text.sd_state_evt_handler
                0x0000000000029e08       0x7c _build/nrf52832_xxaa/nrf_drv_clock.c.o
 .text.uarte_evt_handler
                0x0000000000029e84       0x50 _build/nrf52832_xxaa/nrf_drv_uart.c.o
 .text.uart_evt_handler
                0x0000000000029ed4       0x50 _build/nrf52832_xxaa/nrf_drv_uart.c.o
 .text.nrf_drv_uart_init
                0x0000000000029f24       0xcc _build/nrf52832_xxaa/nrf_drv_uart.c.o
                0x0000000000029f24                nrf_drv_uart_init
 .text.__NVIC_EnableIRQ
                0x0000000000029ff0       0x3c _build/nrf52832_xxaa/nrfx_clock.c.o
 .text.__NVIC_SetPriority
                0x000000000002a02c       0x54 _build/nrf52832_xxaa/nrfx_clock.c.o
 .text.nrfx_get_irq_number
                0x000000000002a080       0x1a _build/nrf52832_xxaa/nrfx_clock.c.o
 .text._NRFX_IRQ_PRIORITY_SET
                0x000000000002a09a       0x26 _build/nrf52832_xxaa/nrfx_clock.c.o
 .text._NRFX_IRQ_ENABLE
                0x000000000002a0c0       0x1c _build/nrf52832_xxaa/nrfx_clock.c.o
 .text._NRFX_IRQ_IS_ENABLED
                0x000000000002a0dc       0x54 _build/nrf52832_xxaa/nrfx_clock.c.o
 .text.nrf_clock_int_disable
                0x000000000002a130       0x1e _build/nrf52832_xxaa/nrfx_clock.c.o
 .text.nrf_clock_task_trigger
                0x000000000002a14e       0x20 _build/nrf52832_xxaa/nrfx_clock.c.o
 .text.nrf_clock_event_clear
                0x000000000002a16e       0x2c _build/nrf52832_xxaa/nrfx_clock.c.o
 .text.nrf_clock_event_check
                0x000000000002a19a       0x28 _build/nrf52832_xxaa/nrfx_clock.c.o
 .text.nrf_clock_lf_src_set
                0x000000000002a1c2       0x1e _build/nrf52832_xxaa/nrfx_clock.c.o
 .text.nrf_clock_lf_is_running
                0x000000000002a1e0       0x26 _build/nrf52832_xxaa/nrfx_clock.c.o
 .text.nrfx_power_clock_irq_init
                0x000000000002a206       0x54 _build/nrf52832_xxaa/nrfx_clock.c.o
 *fill*         0x000000000002a25a        0x2 
 .text.nrfx_clock_init
                0x000000000002a25c       0x40 _build/nrf52832_xxaa/nrfx_clock.c.o
                0x000000000002a25c                nrfx_clock_init
 .text.nrfx_clock_enable
                0x000000000002a29c       0x12 _build/nrf52832_xxaa/nrfx_clock.c.o
                0x000000000002a29c                nrfx_clock_enable
 .text.nrfx_clock_lfclk_stop
                0x000000000002a2ae       0x2a _build/nrf52832_xxaa/nrfx_clock.c.o
                0x000000000002a2ae                nrfx_clock_lfclk_stop
 .text.POWER_CLOCK_IRQHandler
                0x000000000002a2d8       0x68 _build/nrf52832_xxaa/nrfx_clock.c.o
                0x000000000002a2d8                POWER_CLOCK_IRQHandler
 .text.__NVIC_EnableIRQ
                0x000000000002a340       0x3c _build/nrf52832_xxaa/nrfx_gpiote.c.o
 .text.__NVIC_SetPriority
                0x000000000002a37c       0x54 _build/nrf52832_xxaa/nrfx_gpiote.c.o
 .text.nrfx_get_irq_number
                0x000000000002a3d0       0x1a _build/nrf52832_xxaa/nrfx_gpiote.c.o
 .text._NRFX_IRQ_PRIORITY_SET
                0x000000000002a3ea       0x26 _build/nrf52832_xxaa/nrfx_gpiote.c.o
 .text._NRFX_IRQ_ENABLE
                0x000000000002a410       0x1c _build/nrf52832_xxaa/nrfx_gpiote.c.o
 .text.nrf_gpiote_event_is_set
                0x000000000002a42c       0x28 _build/nrf52832_xxaa/nrfx_gpiote.c.o
 .text.nrf_gpiote_event_clear
                0x000000000002a454       0x32 _build/nrf52832_xxaa/nrfx_gpiote.c.o
 .text.nrf_gpiote_event_addr_get
                0x000000000002a486       0x20 _build/nrf52832_xxaa/nrfx_gpiote.c.o
 *fill*         0x000000000002a4a6        0x2 
 .text.nrf_gpiote_int_enable
                0x000000000002a4a8       0x20 _build/nrf52832_xxaa/nrfx_gpiote.c.o
 .text.nrf_gpiote_int_disable
                0x000000000002a4c8       0x20 _build/nrf52832_xxaa/nrfx_gpiote.c.o
 .text.nrf_gpiote_int_is_enabled
                0x000000000002a4e8       0x24 _build/nrf52832_xxaa/nrfx_gpiote.c.o
 .text.nrf_gpiote_event_enable
                0x000000000002a50c       0x34 _build/nrf52832_xxaa/nrfx_gpiote.c.o
 .text.nrf_gpiote_event_disable
                0x000000000002a540       0x34 _build/nrf52832_xxaa/nrfx_gpiote.c.o
 .text.nrf_gpiote_event_configure
                0x000000000002a574       0x6c _build/nrf52832_xxaa/nrfx_gpiote.c.o
 .text.nrf_gpiote_event_pin_get
                0x000000000002a5e0       0x2c _build/nrf52832_xxaa/nrfx_gpiote.c.o
 .text.nrf_gpiote_event_polarity_get
                0x000000000002a60c       0x2c _build/nrf52832_xxaa/nrfx_gpiote.c.o
 .text.nrf_gpio_pin_port_decode
                0x000000000002a638       0x18 _build/nrf52832_xxaa/nrfx_gpiote.c.o
 .text.nrf_gpio_cfg
                0x000000000002a650       0x54 _build/nrf52832_xxaa/nrfx_gpiote.c.o
 .text.nrf_gpio_cfg_input
                0x000000000002a6a4       0x28 _build/nrf52832_xxaa/nrfx_gpiote.c.o
 .text.nrf_gpio_cfg_watcher
                0x000000000002a6cc       0x3a _build/nrf52832_xxaa/nrfx_gpiote.c.o
 .text.nrf_gpio_cfg_sense_set
                0x000000000002a706       0x5a _build/nrf52832_xxaa/nrfx_gpiote.c.o
 .text.nrf_gpio_pin_read
                0x000000000002a760       0x2c _build/nrf52832_xxaa/nrfx_gpiote.c.o
 .text.nrf_gpio_pin_sense_get
                0x000000000002a78c       0x2e _build/nrf52832_xxaa/nrfx_gpiote.c.o
 .text.nrf_gpio_port_in_read
                0x000000000002a7ba       0x1a _build/nrf52832_xxaa/nrfx_gpiote.c.o
 .text.nrf_gpio_latches_read_and_clear
                0x000000000002a7d4       0x66 _build/nrf52832_xxaa/nrfx_gpiote.c.o
 .text.nrf_gpio_pin_latch_clear
                0x000000000002a83a       0x2a _build/nrf52832_xxaa/nrfx_gpiote.c.o
 .text.nrf_gpio_pin_present_check
                0x000000000002a864       0x4a _build/nrf52832_xxaa/nrfx_gpiote.c.o
 .text.nrf_bitmask_bit_is_set
                0x000000000002a8ae       0x3a _build/nrf52832_xxaa/nrfx_gpiote.c.o
 .text.nrf_bitmask_bit_set
                0x000000000002a8e8       0x4a _build/nrf52832_xxaa/nrfx_gpiote.c.o
 *fill*         0x000000000002a932        0x2 
 .text.pin_in_use_by_te
                0x000000000002a934       0x44 _build/nrf52832_xxaa/nrfx_gpiote.c.o
 .text.pin_in_use_by_port
                0x000000000002a978       0x30 _build/nrf52832_xxaa/nrfx_gpiote.c.o
 .text.pin_in_use_by_gpiote
                0x000000000002a9a8       0x2c _build/nrf52832_xxaa/nrfx_gpiote.c.o
 .text.pin_in_use_by_te_set
                0x000000000002a9d4       0x58 _build/nrf52832_xxaa/nrfx_gpiote.c.o
 .text.pin_in_use_clear
                0x000000000002aa2c       0x24 _build/nrf52832_xxaa/nrfx_gpiote.c.o
 .text.pin_configured_set
                0x000000000002aa50       0x1c _build/nrf52832_xxaa/nrfx_gpiote.c.o
 .text.channel_port_get
                0x000000000002aa6c       0x24 _build/nrf52832_xxaa/nrfx_gpiote.c.o
 .text.channel_handler_get
                0x000000000002aa90       0x20 _build/nrf52832_xxaa/nrfx_gpiote.c.o
 .text.port_handler_pin_get
                0x000000000002aab0       0x2c _build/nrf52832_xxaa/nrfx_gpiote.c.o
 .text.port_handler_polarity_get
                0x000000000002aadc       0x2c _build/nrf52832_xxaa/nrfx_gpiote.c.o
 .text.channel_port_alloc
                0x000000000002ab08       0x74 _build/nrf52832_xxaa/nrfx_gpiote.c.o
 .text.channel_free
                0x000000000002ab7c       0x3c _build/nrf52832_xxaa/nrfx_gpiote.c.o
 .text.nrfx_gpiote_init
                0x000000000002abb8       0xb4 _build/nrf52832_xxaa/nrfx_gpiote.c.o
                0x000000000002abb8                nrfx_gpiote_init
 .text.nrfx_gpiote_is_init
                0x000000000002ac6c       0x24 _build/nrf52832_xxaa/nrfx_gpiote.c.o
                0x000000000002ac6c                nrfx_gpiote_is_init
 .text.nrfx_gpiote_in_init
                0x000000000002ac90       0xe0 _build/nrf52832_xxaa/nrfx_gpiote.c.o
                0x000000000002ac90                nrfx_gpiote_in_init
 .text.nrfx_gpiote_in_event_enable
                0x000000000002ad70       0xc6 _build/nrf52832_xxaa/nrfx_gpiote.c.o
                0x000000000002ad70                nrfx_gpiote_in_event_enable
 .text.nrfx_gpiote_in_event_disable
                0x000000000002ae36       0x52 _build/nrf52832_xxaa/nrfx_gpiote.c.o
                0x000000000002ae36                nrfx_gpiote_in_event_disable
 .text.nrfx_gpiote_in_is_set
                0x000000000002ae88       0x22 _build/nrf52832_xxaa/nrfx_gpiote.c.o
                0x000000000002ae88                nrfx_gpiote_in_is_set
 .text.latch_pending_read_and_check
                0x000000000002aeaa       0x40 _build/nrf52832_xxaa/nrfx_gpiote.c.o
 *fill*         0x000000000002aeea        0x2 
 .text.port_event_handle
                0x000000000002aeec       0xd0 _build/nrf52832_xxaa/nrfx_gpiote.c.o
 .text.GPIOTE_IRQHandler
                0x000000000002afbc       0xf8 _build/nrf52832_xxaa/nrfx_gpiote.c.o
                0x000000000002afbc                GPIOTE_IRQHandler
 .text.UARTE0_UART0_IRQHandler
                0x000000000002b0b4       0x14 _build/nrf52832_xxaa/nrfx_prs.c.o
                0x000000000002b0b4                UARTE0_UART0_IRQHandler
 .text.prs_box_get
                0x000000000002b0c8       0x2c _build/nrf52832_xxaa/nrfx_prs.c.o
 .text.nrfx_prs_acquire
                0x000000000002b0f4       0x68 _build/nrf52832_xxaa/nrfx_prs.c.o
                0x000000000002b0f4                nrfx_prs_acquire
 .text.nrfx_prs_release
                0x000000000002b15c       0x2a _build/nrf52832_xxaa/nrfx_prs.c.o
                0x000000000002b15c                nrfx_prs_release
 *fill*         0x000000000002b186        0x2 
 .text.__NVIC_EnableIRQ
                0x000000000002b188       0x3c _build/nrf52832_xxaa/nrfx_uart.c.o
 .text.__NVIC_DisableIRQ
                0x000000000002b1c4       0x48 _build/nrf52832_xxaa/nrfx_uart.c.o
 .text.__NVIC_SetPriority
                0x000000000002b20c       0x54 _build/nrf52832_xxaa/nrfx_uart.c.o
 .text.nrfx_get_irq_number
                0x000000000002b260       0x1a _build/nrf52832_xxaa/nrfx_uart.c.o
 .text._NRFX_IRQ_PRIORITY_SET
                0x000000000002b27a       0x26 _build/nrf52832_xxaa/nrfx_uart.c.o
 .text._NRFX_IRQ_ENABLE
                0x000000000002b2a0       0x1c _build/nrf52832_xxaa/nrfx_uart.c.o
 .text._NRFX_IRQ_DISABLE
                0x000000000002b2bc       0x1c _build/nrf52832_xxaa/nrfx_uart.c.o
 .text.nrf_uart_event_clear
                0x000000000002b2d8       0x2e _build/nrf52832_xxaa/nrfx_uart.c.o
 .text.nrf_uart_event_check
                0x000000000002b306       0x2a _build/nrf52832_xxaa/nrfx_uart.c.o
 .text.nrf_uart_int_enable
                0x000000000002b330       0x1e _build/nrf52832_xxaa/nrfx_uart.c.o
 .text.nrf_uart_int_enable_check
                0x000000000002b34e       0x2a _build/nrf52832_xxaa/nrfx_uart.c.o
 .text.nrf_uart_int_disable
                0x000000000002b378       0x1e _build/nrf52832_xxaa/nrfx_uart.c.o
 .text.nrf_uart_errorsrc_get_and_clear
                0x000000000002b396       0x26 _build/nrf52832_xxaa/nrfx_uart.c.o
 .text.nrf_uart_enable
                0x000000000002b3bc       0x1c _build/nrf52832_xxaa/nrfx_uart.c.o
 .text.nrf_uart_disable
                0x000000000002b3d8       0x1c _build/nrf52832_xxaa/nrfx_uart.c.o
 .text.nrf_uart_txrx_pins_set
                0x000000000002b3f4       0x28 _build/nrf52832_xxaa/nrfx_uart.c.o
 .text.nrf_uart_txrx_pins_disconnect
                0x000000000002b41c       0x1e _build/nrf52832_xxaa/nrfx_uart.c.o
 .text.nrf_uart_tx_pin_get
                0x000000000002b43a       0x1a _build/nrf52832_xxaa/nrfx_uart.c.o
 .text.nrf_uart_rx_pin_get
                0x000000000002b454       0x1a _build/nrf52832_xxaa/nrfx_uart.c.o
 .text.nrf_uart_rts_pin_get
                0x000000000002b46e       0x1a _build/nrf52832_xxaa/nrfx_uart.c.o
 .text.nrf_uart_cts_pin_get
                0x000000000002b488       0x1a _build/nrf52832_xxaa/nrfx_uart.c.o
 .text.nrf_uart_hwfc_pins_set
                0x000000000002b4a2       0x28 _build/nrf52832_xxaa/nrfx_uart.c.o
 .text.nrf_uart_hwfc_pins_disconnect
                0x000000000002b4ca       0x1e _build/nrf52832_xxaa/nrfx_uart.c.o
 .text.nrf_uart_rxd_get
                0x000000000002b4e8       0x1c _build/nrf52832_xxaa/nrfx_uart.c.o
 .text.nrf_uart_txd_set
                0x000000000002b504       0x20 _build/nrf52832_xxaa/nrfx_uart.c.o
 .text.nrf_uart_task_trigger
                0x000000000002b524       0x22 _build/nrf52832_xxaa/nrfx_uart.c.o
 .text.nrf_uart_configure
                0x000000000002b546       0x2c _build/nrf52832_xxaa/nrfx_uart.c.o
 .text.nrf_uart_baudrate_set
                0x000000000002b572       0x1e _build/nrf52832_xxaa/nrfx_uart.c.o
 .text.nrf_gpio_pin_port_decode
                0x000000000002b590       0x18 _build/nrf52832_xxaa/nrfx_uart.c.o
 .text.nrf_gpio_cfg
                0x000000000002b5a8       0x54 _build/nrf52832_xxaa/nrfx_uart.c.o
 .text.nrf_gpio_cfg_output
                0x000000000002b5fc       0x24 _build/nrf52832_xxaa/nrfx_uart.c.o
 .text.nrf_gpio_cfg_input
                0x000000000002b620       0x28 _build/nrf52832_xxaa/nrfx_uart.c.o
 .text.nrf_gpio_cfg_default
                0x000000000002b648       0x24 _build/nrf52832_xxaa/nrfx_uart.c.o
 .text.nrf_gpio_pin_set
                0x000000000002b66c       0x2a _build/nrf52832_xxaa/nrfx_uart.c.o
 .text.nrf_gpio_port_out_set
                0x000000000002b696       0x1e _build/nrf52832_xxaa/nrfx_uart.c.o
 .text.apply_config
                0x000000000002b6b4       0xc8 _build/nrf52832_xxaa/nrfx_uart.c.o
 .text.interrupts_enable
                0x000000000002b77c       0x6c _build/nrf52832_xxaa/nrfx_uart.c.o
 .text.interrupts_disable
                0x000000000002b7e8       0x34 _build/nrf52832_xxaa/nrfx_uart.c.o
 .text.pins_to_default
                0x000000000002b81c       0x8c _build/nrf52832_xxaa/nrfx_uart.c.o
 .text.nrfx_uart_init
                0x000000000002b8a8       0xc4 _build/nrf52832_xxaa/nrfx_uart.c.o
                0x000000000002b8a8                nrfx_uart_init
 .text.nrfx_uart_uninit
                0x000000000002b96c       0x5c _build/nrf52832_xxaa/nrfx_uart.c.o
                0x000000000002b96c                nrfx_uart_uninit
 .text.tx_byte  0x000000000002b9c8       0x3e _build/nrf52832_xxaa/nrfx_uart.c.o
 .text.tx_blocking
                0x000000000002ba06       0x54 _build/nrf52832_xxaa/nrfx_uart.c.o
 *fill*         0x000000000002ba5a        0x2 
 .text.nrfx_uart_tx
                0x000000000002ba5c       0xd8 _build/nrf52832_xxaa/nrfx_uart.c.o
                0x000000000002ba5c                nrfx_uart_tx
 .text.nrfx_uart_tx_in_progress
                0x000000000002bb34       0x38 _build/nrf52832_xxaa/nrfx_uart.c.o
                0x000000000002bb34                nrfx_uart_tx_in_progress
 .text.rx_byte  0x000000000002bb6c       0x52 _build/nrf52832_xxaa/nrfx_uart.c.o
 .text.rx_done_event
                0x000000000002bbbe       0x30 _build/nrf52832_xxaa/nrfx_uart.c.o
 .text.tx_done_event
                0x000000000002bbee       0x36 _build/nrf52832_xxaa/nrfx_uart.c.o
 .text.uart_irq_handler
                0x000000000002bc24      0x1e0 _build/nrf52832_xxaa/nrfx_uart.c.o
 .text.nrfx_uart_0_irq_handler
                0x000000000002be04       0x18 _build/nrf52832_xxaa/nrfx_uart.c.o
                0x000000000002be04                nrfx_uart_0_irq_handler
 .text.__NVIC_EnableIRQ
                0x000000000002be1c       0x3c _build/nrf52832_xxaa/nrfx_uarte.c.o
 .text.__NVIC_DisableIRQ
                0x000000000002be58       0x48 _build/nrf52832_xxaa/nrfx_uarte.c.o
 .text.__NVIC_SetPriority
                0x000000000002bea0       0x54 _build/nrf52832_xxaa/nrfx_uarte.c.o
 .text.nrfx_is_in_ram
                0x000000000002bef4       0x26 _build/nrf52832_xxaa/nrfx_uarte.c.o
 .text.nrfx_get_irq_number
                0x000000000002bf1a       0x1a _build/nrf52832_xxaa/nrfx_uarte.c.o
 .text._NRFX_IRQ_PRIORITY_SET
                0x000000000002bf34       0x26 _build/nrf52832_xxaa/nrfx_uarte.c.o
 .text._NRFX_IRQ_ENABLE
                0x000000000002bf5a       0x1c _build/nrf52832_xxaa/nrfx_uarte.c.o
 .text._NRFX_IRQ_DISABLE
                0x000000000002bf76       0x1c _build/nrf52832_xxaa/nrfx_uarte.c.o
 .text.nrf_uarte_event_clear
                0x000000000002bf92       0x2e _build/nrf52832_xxaa/nrfx_uarte.c.o
 .text.nrf_uarte_event_check
                0x000000000002bfc0       0x2a _build/nrf52832_xxaa/nrfx_uarte.c.o
 .text.nrf_uarte_shorts_disable
                0x000000000002bfea       0x28 _build/nrf52832_xxaa/nrfx_uarte.c.o
 .text.nrf_uarte_int_enable
                0x000000000002c012       0x1e _build/nrf52832_xxaa/nrfx_uarte.c.o
 .text.nrf_uarte_int_disable
                0x000000000002c030       0x1e _build/nrf52832_xxaa/nrfx_uarte.c.o
 .text.nrf_uarte_errorsrc_get_and_clear
                0x000000000002c04e       0x26 _build/nrf52832_xxaa/nrfx_uarte.c.o
 .text.nrf_uarte_enable
                0x000000000002c074       0x1c _build/nrf52832_xxaa/nrfx_uarte.c.o
 .text.nrf_uarte_disable
                0x000000000002c090       0x1c _build/nrf52832_xxaa/nrfx_uarte.c.o
 .text.nrf_uarte_txrx_pins_set
                0x000000000002c0ac       0x28 _build/nrf52832_xxaa/nrfx_uarte.c.o
 .text.nrf_uarte_txrx_pins_disconnect
                0x000000000002c0d4       0x1e _build/nrf52832_xxaa/nrfx_uarte.c.o
 .text.nrf_uarte_tx_pin_get
                0x000000000002c0f2       0x1a _build/nrf52832_xxaa/nrfx_uarte.c.o
 .text.nrf_uarte_rx_pin_get
                0x000000000002c10c       0x1a _build/nrf52832_xxaa/nrfx_uarte.c.o
 .text.nrf_uarte_rts_pin_get
                0x000000000002c126       0x1a _build/nrf52832_xxaa/nrfx_uarte.c.o
 .text.nrf_uarte_cts_pin_get
                0x000000000002c140       0x1a _build/nrf52832_xxaa/nrfx_uarte.c.o
 .text.nrf_uarte_hwfc_pins_set
                0x000000000002c15a       0x28 _build/nrf52832_xxaa/nrfx_uarte.c.o
 .text.nrf_uarte_hwfc_pins_disconnect
                0x000000000002c182       0x1e _build/nrf52832_xxaa/nrfx_uarte.c.o
 .text.nrf_uarte_task_trigger
                0x000000000002c1a0       0x22 _build/nrf52832_xxaa/nrfx_uarte.c.o
 .text.nrf_uarte_configure
                0x000000000002c1c2       0x2c _build/nrf52832_xxaa/nrfx_uarte.c.o
 .text.nrf_uarte_baudrate_set
                0x000000000002c1ee       0x1e _build/nrf52832_xxaa/nrfx_uarte.c.o
 .text.nrf_uarte_tx_buffer_set
                0x000000000002c20c       0x28 _build/nrf52832_xxaa/nrfx_uarte.c.o
 .text.nrf_uarte_tx_amount_get
                0x000000000002c234       0x1a _build/nrf52832_xxaa/nrfx_uarte.c.o
 .text.nrf_uarte_rx_amount_get
                0x000000000002c24e       0x1a _build/nrf52832_xxaa/nrfx_uarte.c.o
 .text.nrf_gpio_pin_port_decode
                0x000000000002c268       0x18 _build/nrf52832_xxaa/nrfx_uarte.c.o
 .text.nrf_gpio_cfg
                0x000000000002c280       0x54 _build/nrf52832_xxaa/nrfx_uarte.c.o
 .text.nrf_gpio_cfg_output
                0x000000000002c2d4       0x24 _build/nrf52832_xxaa/nrfx_uarte.c.o
 .text.nrf_gpio_cfg_input
                0x000000000002c2f8       0x28 _build/nrf52832_xxaa/nrfx_uarte.c.o
 .text.nrf_gpio_cfg_default
                0x000000000002c320       0x24 _build/nrf52832_xxaa/nrfx_uarte.c.o
 .text.nrf_gpio_pin_set
                0x000000000002c344       0x2a _build/nrf52832_xxaa/nrfx_uarte.c.o
 .text.nrf_gpio_port_out_set
                0x000000000002c36e       0x1e _build/nrf52832_xxaa/nrfx_uarte.c.o
 .text.apply_config
                0x000000000002c38c       0xc8 _build/nrf52832_xxaa/nrfx_uarte.c.o
 .text.interrupts_enable
                0x000000000002c454       0x94 _build/nrf52832_xxaa/nrfx_uarte.c.o
 .text.interrupts_disable
                0x000000000002c4e8       0x34 _build/nrf52832_xxaa/nrfx_uarte.c.o
 .text.pins_to_default
                0x000000000002c51c       0x8c _build/nrf52832_xxaa/nrfx_uarte.c.o
 .text.nrfx_uarte_init
                0x000000000002c5a8       0xbc _build/nrf52832_xxaa/nrfx_uarte.c.o
                0x000000000002c5a8                nrfx_uarte_init
 .text.nrfx_uarte_uninit
                0x000000000002c664       0xc8 _build/nrf52832_xxaa/nrfx_uarte.c.o
                0x000000000002c664                nrfx_uarte_uninit
 .text.nrfx_uarte_tx
                0x000000000002c72c      0x124 _build/nrf52832_xxaa/nrfx_uarte.c.o
                0x000000000002c72c                nrfx_uarte_tx
 .text.nrfx_uarte_tx_in_progress
                0x000000000002c850       0x38 _build/nrf52832_xxaa/nrfx_uarte.c.o
                0x000000000002c850                nrfx_uarte_tx_in_progress
 .text.rx_done_event
                0x000000000002c888       0x30 _build/nrf52832_xxaa/nrfx_uarte.c.o
 .text.tx_done_event
                0x000000000002c8b8       0x36 _build/nrf52832_xxaa/nrfx_uarte.c.o
 .text.uarte_irq_handler
                0x000000000002c8ee      0x18e _build/nrf52832_xxaa/nrfx_uarte.c.o
 .text.nrfx_uarte_0_irq_handler
                0x000000000002ca7c       0x18 _build/nrf52832_xxaa/nrfx_uarte.c.o
                0x000000000002ca7c                nrfx_uarte_0_irq_handler
 .text.sd_ble_gap_adv_set_configure
                0x000000000002ca94        0x8 _build/nrf52832_xxaa/main.c.o
 .text.sd_ble_gap_adv_start
                0x000000000002ca9c        0x8 _build/nrf52832_xxaa/main.c.o
 .text.sd_ble_gap_disconnect
                0x000000000002caa4        0x8 _build/nrf52832_xxaa/main.c.o
 .text.sd_ble_gap_ppcp_set
                0x000000000002caac        0x8 _build/nrf52832_xxaa/main.c.o
 .text.sd_ble_gap_device_name_set
                0x000000000002cab4        0x8 _build/nrf52832_xxaa/main.c.o
 .text.sd_ble_gap_sec_params_reply
                0x000000000002cabc        0x8 _build/nrf52832_xxaa/main.c.o
 .text.sd_ble_gap_phy_update
                0x000000000002cac4        0x8 _build/nrf52832_xxaa/main.c.o
 .text.sd_ble_gatts_sys_attr_set
                0x000000000002cacc        0x8 _build/nrf52832_xxaa/main.c.o
 .text.leds_init
                0x000000000002cad4        0xe _build/nrf52832_xxaa/main.c.o
 .text.timers_init
                0x000000000002cae2       0x24 _build/nrf52832_xxaa/main.c.o
 *fill*         0x000000000002cb06        0x2 
 .text.gap_params_init
                0x000000000002cb08       0x84 _build/nrf52832_xxaa/main.c.o
 .text.gatt_init
                0x000000000002cb8c       0x2c _build/nrf52832_xxaa/main.c.o
 .text.advertising_init
                0x000000000002cbb8      0x10c _build/nrf52832_xxaa/main.c.o
 .text.nrf_qwr_error_handler
                0x000000000002ccc4       0x16 _build/nrf52832_xxaa/main.c.o
 *fill*         0x000000000002ccda        0x2 
 .text.led_write_handler
                0x000000000002ccdc       0x68 _build/nrf52832_xxaa/main.c.o
 .text.services_init
                0x000000000002cd44       0x68 _build/nrf52832_xxaa/main.c.o
 .text.on_conn_params_evt
                0x000000000002cdac       0x3c _build/nrf52832_xxaa/main.c.o
 .text.conn_params_error_handler
                0x000000000002cde8       0x16 _build/nrf52832_xxaa/main.c.o
 *fill*         0x000000000002cdfe        0x2 
 .text.conn_params_init
                0x000000000002ce00       0x60 _build/nrf52832_xxaa/main.c.o
 .text.advertising_start
                0x000000000002ce60       0x38 _build/nrf52832_xxaa/main.c.o
 .text.ble_evt_handler
                0x000000000002ce98      0x21c _build/nrf52832_xxaa/main.c.o
 .text.ble_stack_init
                0x000000000002d0b4       0x5e _build/nrf52832_xxaa/main.c.o
 *fill*         0x000000000002d112        0x2 
 .text.button_event_handler
                0x000000000002d114       0x98 _build/nrf52832_xxaa/main.c.o
 .text.buttons_init
                0x000000000002d1ac       0x30 _build/nrf52832_xxaa/main.c.o
 .text.log_init
                0x000000000002d1dc       0x2e _build/nrf52832_xxaa/main.c.o
 .text.power_management_init
                0x000000000002d20a       0x24 _build/nrf52832_xxaa/main.c.o
 .text.idle_state_handle
                0x000000000002d22e       0x1c _build/nrf52832_xxaa/main.c.o
 *fill*         0x000000000002d24a        0x2 
 .text.main     0x000000000002d24c       0x90 _build/nrf52832_xxaa/main.c.o
                0x000000000002d24c                main
 .text.sd_ble_gap_addr_get
                0x000000000002d2dc        0x8 _build/nrf52832_xxaa/ble_advdata.c.o
 .text.sd_ble_gap_appearance_get
                0x000000000002d2e4        0x8 _build/nrf52832_xxaa/ble_advdata.c.o
 .text.sd_ble_gap_device_name_get
                0x000000000002d2ec        0x8 _build/nrf52832_xxaa/ble_advdata.c.o
 .text.sd_ble_uuid_encode
                0x000000000002d2f4        0x8 _build/nrf52832_xxaa/ble_advdata.c.o
 .text.uint16_encode
                0x000000000002d2fc       0x30 _build/nrf52832_xxaa/ble_advdata.c.o
 .text.ble_device_addr_encode
                0x000000000002d32c       0xd2 _build/nrf52832_xxaa/ble_advdata.c.o
 .text.name_encode
                0x000000000002d3fe      0x12a _build/nrf52832_xxaa/ble_advdata.c.o
 .text.appearance_encode
                0x000000000002d528       0x9c _build/nrf52832_xxaa/ble_advdata.c.o
 .text.flags_encode
                0x000000000002d5c4       0x80 _build/nrf52832_xxaa/ble_advdata.c.o
 .text.tx_power_level_encode
                0x000000000002d644       0x80 _build/nrf52832_xxaa/ble_advdata.c.o
 .text.uuid_list_sized_encode
                0x000000000002d6c4      0x146 _build/nrf52832_xxaa/ble_advdata.c.o
 .text.uuid_list_encode
                0x000000000002d80a       0x64 _build/nrf52832_xxaa/ble_advdata.c.o
 .text.conn_int_check
                0x000000000002d86e       0x82 _build/nrf52832_xxaa/ble_advdata.c.o
 .text.conn_int_encode
                0x000000000002d8f0       0xc2 _build/nrf52832_xxaa/ble_advdata.c.o
 .text.manuf_specific_data_encode
                0x000000000002d9b2       0xde _build/nrf52832_xxaa/ble_advdata.c.o
 .text.service_data_encode
                0x000000000002da90       0xfe _build/nrf52832_xxaa/ble_advdata.c.o
 .text.ble_advdata_encode
                0x000000000002db8e      0x200 _build/nrf52832_xxaa/ble_advdata.c.o
                0x000000000002db8e                ble_advdata_encode
 .text.sd_ble_gap_conn_param_update
                0x000000000002dd8e        0x8 _build/nrf52832_xxaa/ble_conn_params.c.o
 .text.sd_ble_gap_disconnect
                0x000000000002dd96        0x8 _build/nrf52832_xxaa/ble_conn_params.c.o
 .text.sd_ble_gap_ppcp_set
                0x000000000002dd9e        0x8 _build/nrf52832_xxaa/ble_conn_params.c.o
 .text.sd_ble_gap_ppcp_get
                0x000000000002dda6        0x8 _build/nrf52832_xxaa/ble_conn_params.c.o
 *fill*         0x000000000002ddae        0x2 
 .text.instance_get
                0x000000000002ddb0       0x54 _build/nrf52832_xxaa/ble_conn_params.c.o
 .text.instance_claim
                0x000000000002de04       0x38 _build/nrf52832_xxaa/ble_conn_params.c.o
 .text.instance_free
                0x000000000002de3c       0x1c _build/nrf52832_xxaa/ble_conn_params.c.o
 .text.is_conn_params_ok
                0x000000000002de58       0xc0 _build/nrf52832_xxaa/ble_conn_params.c.o
 .text.send_error_evt
                0x000000000002df18       0x24 _build/nrf52832_xxaa/ble_conn_params.c.o
 .text.send_update_request
                0x000000000002df3c       0x3e _build/nrf52832_xxaa/ble_conn_params.c.o
 *fill*         0x000000000002df7a        0x2 
 .text.update_timeout_handler
                0x000000000002df7c       0xac _build/nrf52832_xxaa/ble_conn_params.c.o
 .text.ble_conn_params_init
                0x000000000002e028       0xd8 _build/nrf52832_xxaa/ble_conn_params.c.o
                0x000000000002e028                ble_conn_params_init
 .text.conn_params_negotiation
                0x000000000002e100       0x78 _build/nrf52832_xxaa/ble_conn_params.c.o
 .text.on_connect
                0x000000000002e178       0x7c _build/nrf52832_xxaa/ble_conn_params.c.o
 .text.on_disconnect
                0x000000000002e1f4       0x44 _build/nrf52832_xxaa/ble_conn_params.c.o
 .text.on_write
                0x000000000002e238       0x78 _build/nrf52832_xxaa/ble_conn_params.c.o
 .text.on_conn_params_update
                0x000000000002e2b0       0x50 _build/nrf52832_xxaa/ble_conn_params.c.o
 .text.ble_evt_handler
                0x000000000002e300       0x52 _build/nrf52832_xxaa/ble_conn_params.c.o
 .text.conn_handle_list_get
                0x000000000002e352       0x6a _build/nrf52832_xxaa/ble_conn_state.c.o
                0x000000000002e352                conn_handle_list_get
 .text.record_activate
                0x000000000002e3bc       0x3c _build/nrf52832_xxaa/ble_conn_state.c.o
 .text.record_invalidate
                0x000000000002e3f8       0x40 _build/nrf52832_xxaa/ble_conn_state.c.o
 .text.record_set_disconnected
                0x000000000002e438       0x20 _build/nrf52832_xxaa/ble_conn_state.c.o
 .text.record_purge_disconnected
                0x000000000002e458       0x74 _build/nrf52832_xxaa/ble_conn_state.c.o
 .text.flag_toggle
                0x000000000002e4cc       0x34 _build/nrf52832_xxaa/ble_conn_state.c.o
 .text.ble_evt_handler
                0x000000000002e500      0x124 _build/nrf52832_xxaa/ble_conn_state.c.o
 .text.uint16_decode
                0x000000000002e624       0x2a _build/nrf52832_xxaa/ble_srv_common.c.o
 .text.sd_ble_gatts_characteristic_add
                0x000000000002e64e        0x8 _build/nrf52832_xxaa/ble_srv_common.c.o
 .text.ble_srv_is_notification_enabled
                0x000000000002e656       0x2a _build/nrf52832_xxaa/ble_srv_common.c.o
                0x000000000002e656                ble_srv_is_notification_enabled
 .text.set_security_req
                0x000000000002e680       0xec _build/nrf52832_xxaa/ble_srv_common.c.o
 .text.characteristic_add
                0x000000000002e76c      0x208 _build/nrf52832_xxaa/ble_srv_common.c.o
                0x000000000002e76c                characteristic_add
 .text.sd_ble_gap_data_length_update
                0x000000000002e974        0x8 _build/nrf52832_xxaa/nrf_ble_gatt.c.o
 .text.sd_ble_gattc_exchange_mtu_request
                0x000000000002e97c        0x8 _build/nrf52832_xxaa/nrf_ble_gatt.c.o
 .text.sd_ble_gatts_exchange_mtu_reply
                0x000000000002e984        0x8 _build/nrf52832_xxaa/nrf_ble_gatt.c.o
 .text.link_init
                0x000000000002e98c       0x38 _build/nrf52832_xxaa/nrf_ble_gatt.c.o
 .text.data_length_update
                0x000000000002e9c4       0xc8 _build/nrf52832_xxaa/nrf_ble_gatt.c.o
 .text.on_connected_evt
                0x000000000002ea8c       0xd0 _build/nrf52832_xxaa/nrf_ble_gatt.c.o
 .text.on_disconnected_evt
                0x000000000002eb5c       0x24 _build/nrf52832_xxaa/nrf_ble_gatt.c.o
 .text.on_exchange_mtu_rsp_evt
                0x000000000002eb80       0x86 _build/nrf52832_xxaa/nrf_ble_gatt.c.o
 *fill*         0x000000000002ec06        0x2 
 .text.on_exchange_mtu_request_evt
                0x000000000002ec08       0xc0 _build/nrf52832_xxaa/nrf_ble_gatt.c.o
 .text.on_data_length_update_evt
                0x000000000002ecc8       0x74 _build/nrf52832_xxaa/nrf_ble_gatt.c.o
 .text.on_data_length_update_request_evt
                0x000000000002ed3c       0x4a _build/nrf52832_xxaa/nrf_ble_gatt.c.o
 .text.nrf_ble_gatt_init
                0x000000000002ed86       0x58 _build/nrf52832_xxaa/nrf_ble_gatt.c.o
                0x000000000002ed86                nrf_ble_gatt_init
 *fill*         0x000000000002edde        0x2 
 .text.nrf_ble_gatt_on_ble_evt
                0x000000000002ede0      0x154 _build/nrf52832_xxaa/nrf_ble_gatt.c.o
                0x000000000002ede0                nrf_ble_gatt_on_ble_evt
 .text.sd_ble_gatts_rw_authorize_reply
                0x000000000002ef34        0x8 _build/nrf52832_xxaa/nrf_ble_qwr.c.o
 .text.sd_ble_user_mem_reply
                0x000000000002ef3c        0x8 _build/nrf52832_xxaa/nrf_ble_qwr.c.o
 .text.nrf_ble_qwr_init
                0x000000000002ef44       0x4e _build/nrf52832_xxaa/nrf_ble_qwr.c.o
                0x000000000002ef44                nrf_ble_qwr_init
 .text.nrf_ble_qwr_conn_handle_assign
                0x000000000002ef92       0x36 _build/nrf52832_xxaa/nrf_ble_qwr.c.o
                0x000000000002ef92                nrf_ble_qwr_conn_handle_assign
 .text.user_mem_reply
                0x000000000002efc8       0x4a _build/nrf52832_xxaa/nrf_ble_qwr.c.o
 .text.on_user_mem_request
                0x000000000002f012       0x32 _build/nrf52832_xxaa/nrf_ble_qwr.c.o
 .text.on_user_mem_release
                0x000000000002f044       0x16 _build/nrf52832_xxaa/nrf_ble_qwr.c.o
 .text.on_rw_authorize_request
                0x000000000002f05a       0x92 _build/nrf52832_xxaa/nrf_ble_qwr.c.o
 .text.nrf_ble_qwr_on_ble_evt
                0x000000000002f0ec       0xaa _build/nrf52832_xxaa/nrf_ble_qwr.c.o
                0x000000000002f0ec                nrf_ble_qwr_on_ble_evt
 .text.sd_ble_gatts_service_add
                0x000000000002f196        0x8 _build/nrf52832_xxaa/ble_lbs.c.o
 .text.sd_ble_gatts_hvx
                0x000000000002f19e        0x8 _build/nrf52832_xxaa/ble_lbs.c.o
 .text.sd_ble_uuid_vs_add
                0x000000000002f1a6        0x8 _build/nrf52832_xxaa/ble_lbs.c.o
 .text.on_write
                0x000000000002f1ae       0x44 _build/nrf52832_xxaa/ble_lbs.c.o
 .text.ble_lbs_on_ble_evt
                0x000000000002f1f2       0x2a _build/nrf52832_xxaa/ble_lbs.c.o
                0x000000000002f1f2                ble_lbs_on_ble_evt
 .text.ble_lbs_init
                0x000000000002f21c      0x138 _build/nrf52832_xxaa/ble_lbs.c.o
                0x000000000002f21c                ble_lbs_init
 .text.ble_lbs_on_button_change
                0x000000000002f354       0x4e _build/nrf52832_xxaa/ble_lbs.c.o
                0x000000000002f354                ble_lbs_on_button_change
 *fill*         0x000000000002f3a2        0x2 
 .text.__NVIC_EnableIRQ
                0x000000000002f3a4       0x3c _build/nrf52832_xxaa/nrf_sdh.c.o
 .text.__NVIC_GetPriority
                0x000000000002f3e0       0x50 _build/nrf52832_xxaa/nrf_sdh.c.o
 .text.nrf_section_iter_get
                0x000000000002f430       0x18 _build/nrf52832_xxaa/nrf_sdh.c.o
 .text.sd_softdevice_enable
                0x000000000002f448        0x8 _build/nrf52832_xxaa/nrf_sdh.c.o
 .text.__sd_nvic_app_accessible_irq
                0x000000000002f450       0x60 _build/nrf52832_xxaa/nrf_sdh.c.o
 .text.__sd_nvic_is_app_accessible_priority
                0x000000000002f4b0       0x30 _build/nrf52832_xxaa/nrf_sdh.c.o
 .text.sd_nvic_EnableIRQ
                0x000000000002f4e0       0x88 _build/nrf52832_xxaa/nrf_sdh.c.o
 .text.sdh_request_observer_notify
                0x000000000002f568       0x68 _build/nrf52832_xxaa/nrf_sdh.c.o
 .text.sdh_state_observer_notify
                0x000000000002f5d0       0x60 _build/nrf52832_xxaa/nrf_sdh.c.o
 .text.softdevices_evt_irq_enable
                0x000000000002f630       0x26 _build/nrf52832_xxaa/nrf_sdh.c.o
 *fill*         0x000000000002f656        0x2 
 .text.nrf_sdh_enable_request
                0x000000000002f658       0xa4 _build/nrf52832_xxaa/nrf_sdh.c.o
                0x000000000002f658                nrf_sdh_enable_request
 .text.nrf_sdh_is_enabled
                0x000000000002f6fc       0x18 _build/nrf52832_xxaa/nrf_sdh.c.o
                0x000000000002f6fc                nrf_sdh_is_enabled
 .text.nrf_sdh_evts_poll
                0x000000000002f714       0x50 _build/nrf52832_xxaa/nrf_sdh.c.o
                0x000000000002f714                nrf_sdh_evts_poll
 .text.SWI2_EGU2_IRQHandler
                0x000000000002f764        0xc _build/nrf52832_xxaa/nrf_sdh.c.o
                0x000000000002f764                SWI2_EGU2_IRQHandler
 .text.sd_ble_enable
                0x000000000002f770        0x8 _build/nrf52832_xxaa/nrf_sdh_ble.c.o
 .text.sd_ble_cfg_set
                0x000000000002f778        0x8 _build/nrf52832_xxaa/nrf_sdh_ble.c.o
 .text.sd_ble_evt_get
                0x000000000002f780        0x8 _build/nrf52832_xxaa/nrf_sdh_ble.c.o
 .text.nrf_section_iter_get
                0x000000000002f788       0x18 _build/nrf52832_xxaa/nrf_sdh_ble.c.o
 .text.nrf_sdh_ble_app_ram_start_get
                0x000000000002f7a0       0x2c _build/nrf52832_xxaa/nrf_sdh_ble.c.o
                0x000000000002f7a0                nrf_sdh_ble_app_ram_start_get
 .text.nrf_sdh_ble_default_cfg_set
                0x000000000002f7cc      0x1cc _build/nrf52832_xxaa/nrf_sdh_ble.c.o
                0x000000000002f7cc                nrf_sdh_ble_default_cfg_set
 .text.ram_end_address_get
                0x000000000002f998       0x24 _build/nrf52832_xxaa/nrf_sdh_ble.c.o
 .text.nrf_sdh_ble_enable
                0x000000000002f9bc       0xc8 _build/nrf52832_xxaa/nrf_sdh_ble.c.o
                0x000000000002f9bc                nrf_sdh_ble_enable
 .text.nrf_sdh_ble_evts_poll
                0x000000000002fa84       0xa4 _build/nrf52832_xxaa/nrf_sdh_ble.c.o
 .text.nrf_section_iter_get
                0x000000000002fb28       0x18 _build/nrf52832_xxaa/nrf_sdh_soc.c.o
 .text.sd_evt_get
                0x000000000002fb40        0x8 _build/nrf52832_xxaa/nrf_sdh_soc.c.o
 .text.nrf_sdh_soc_evts_poll
                0x000000000002fb48       0x7c _build/nrf52832_xxaa/nrf_sdh_soc.c.o
 .text.__NVIC_EnableIRQ
                0x000000000002fbc4       0x3c _build/nrf52832_xxaa/drv_rtc.c.o
 .text.__NVIC_SetPendingIRQ
                0x000000000002fc00       0x3c _build/nrf52832_xxaa/drv_rtc.c.o
 .text.__NVIC_SetPriority
                0x000000000002fc3c       0x54 _build/nrf52832_xxaa/drv_rtc.c.o
 .text._NRFX_IRQ_PRIORITY_SET
                0x000000000002fc90       0x26 _build/nrf52832_xxaa/drv_rtc.c.o
 .text._NRFX_IRQ_ENABLE
                0x000000000002fcb6       0x1c _build/nrf52832_xxaa/drv_rtc.c.o
 *fill*         0x000000000002fcd2        0x2 
 .text.nrfx_coredep_delay_us
                0x000000000002fcd4       0x30 _build/nrf52832_xxaa/drv_rtc.c.o
 .text.nrf_rtc_cc_set
                0x000000000002fd04       0x26 _build/nrf52832_xxaa/drv_rtc.c.o
 .text.nrf_rtc_cc_get
                0x000000000002fd2a       0x22 _build/nrf52832_xxaa/drv_rtc.c.o
 .text.nrf_rtc_int_enable
                0x000000000002fd4c       0x1e _build/nrf52832_xxaa/drv_rtc.c.o
 .text.nrf_rtc_int_disable
                0x000000000002fd6a       0x1e _build/nrf52832_xxaa/drv_rtc.c.o
 .text.nrf_rtc_event_pending
                0x000000000002fd88       0x20 _build/nrf52832_xxaa/drv_rtc.c.o
 .text.nrf_rtc_event_clear
                0x000000000002fda8       0x2e _build/nrf52832_xxaa/drv_rtc.c.o
 .text.nrf_rtc_counter_get
                0x000000000002fdd6       0x1a _build/nrf52832_xxaa/drv_rtc.c.o
 .text.nrf_rtc_prescaler_set
                0x000000000002fdf0       0x1e _build/nrf52832_xxaa/drv_rtc.c.o
 .text.nrf_rtc_task_trigger
                0x000000000002fe0e       0x24 _build/nrf52832_xxaa/drv_rtc.c.o
 .text.nrf_rtc_event_enable
                0x000000000002fe32       0x1e _build/nrf52832_xxaa/drv_rtc.c.o
 .text.nrf_rtc_event_disable
                0x000000000002fe50       0x1e _build/nrf52832_xxaa/drv_rtc.c.o
 *fill*         0x000000000002fe6e        0x2 
 .text.drv_rtc_init
                0x000000000002fe70       0xd0 _build/nrf52832_xxaa/drv_rtc.c.o
                0x000000000002fe70                drv_rtc_init
 .text.drv_rtc_start
                0x000000000002ff40       0x1c _build/nrf52832_xxaa/drv_rtc.c.o
                0x000000000002ff40                drv_rtc_start
 .text.drv_rtc_stop
                0x000000000002ff5c       0x1c _build/nrf52832_xxaa/drv_rtc.c.o
                0x000000000002ff5c                drv_rtc_stop
 .text.drv_rtc_compare_set
                0x000000000002ff78       0x86 _build/nrf52832_xxaa/drv_rtc.c.o
                0x000000000002ff78                drv_rtc_compare_set
 .text.evt_enable
                0x000000000002fffe       0x34 _build/nrf52832_xxaa/drv_rtc.c.o
 .text.evt_disable
                0x0000000000030032       0x2a _build/nrf52832_xxaa/drv_rtc.c.o
 .text.evt_pending
                0x000000000003005c       0x3c _build/nrf52832_xxaa/drv_rtc.c.o
 .text.ticks_sub
                0x0000000000030098       0x20 _build/nrf52832_xxaa/drv_rtc.c.o
 .text.drv_rtc_windowed_compare_set
                0x00000000000300b8      0x15c _build/nrf52832_xxaa/drv_rtc.c.o
                0x00000000000300b8                drv_rtc_windowed_compare_set
 .text.drv_rtc_overflow_enable
                0x0000000000030214       0x20 _build/nrf52832_xxaa/drv_rtc.c.o
                0x0000000000030214                drv_rtc_overflow_enable
 .text.drv_rtc_overflow_pending
                0x0000000000030234       0x1c _build/nrf52832_xxaa/drv_rtc.c.o
                0x0000000000030234                drv_rtc_overflow_pending
 .text.drv_rtc_compare_disable
                0x0000000000030250       0x24 _build/nrf52832_xxaa/drv_rtc.c.o
                0x0000000000030250                drv_rtc_compare_disable
 .text.drv_rtc_compare_pending
                0x0000000000030274       0x28 _build/nrf52832_xxaa/drv_rtc.c.o
                0x0000000000030274                drv_rtc_compare_pending
 .text.drv_rtc_counter_get
                0x000000000003029c       0x1c _build/nrf52832_xxaa/drv_rtc.c.o
                0x000000000003029c                drv_rtc_counter_get
 .text.drv_rtc_irq_trigger
                0x00000000000302b8       0x1c _build/nrf52832_xxaa/drv_rtc.c.o
                0x00000000000302b8                drv_rtc_irq_trigger
 .text.RTC1_IRQHandler
                0x00000000000302d4       0x1c _build/nrf52832_xxaa/drv_rtc.c.o
                0x00000000000302d4                RTC1_IRQHandler
 .text.get_now  0x00000000000302f0       0x68 _build/nrf52832_xxaa/app_timer2.c.o
 .text.compare_func
                0x0000000000030358       0x48 _build/nrf52832_xxaa/app_timer2.c.o
 .text.timer_expire
                0x00000000000303a0      0x108 _build/nrf52832_xxaa/app_timer2.c.o
 .text.rtc_schedule
                0x00000000000304a8       0x9c _build/nrf52832_xxaa/app_timer2.c.o
 .text.sortlist_pop
                0x0000000000030544       0x1c _build/nrf52832_xxaa/app_timer2.c.o
 .text.sortlist_peek
                0x0000000000030560       0x1c _build/nrf52832_xxaa/app_timer2.c.o
 .text.sorted_list_stop_all
                0x000000000003057c       0x30 _build/nrf52832_xxaa/app_timer2.c.o
 .text.on_overflow_evt
                0x00000000000305ac       0x28 _build/nrf52832_xxaa/app_timer2.c.o
 .text.on_compare_evt
                0x00000000000305d4       0x2c _build/nrf52832_xxaa/app_timer2.c.o
 .text.on_compare1_evt
                0x0000000000030600       0x24 _build/nrf52832_xxaa/app_timer2.c.o
 .text.rtc_update
                0x0000000000030624       0xec _build/nrf52832_xxaa/app_timer2.c.o
 .text.timer_req_process
                0x0000000000030710       0xc8 _build/nrf52832_xxaa/app_timer2.c.o
 .text.rtc_irq  0x00000000000307d8       0x54 _build/nrf52832_xxaa/app_timer2.c.o
 .text.timer_request_proc_trigger
                0x000000000003082c       0x14 _build/nrf52832_xxaa/app_timer2.c.o
 .text.timer_req_schedule
                0x0000000000030840       0x58 _build/nrf52832_xxaa/app_timer2.c.o
 .text.app_timer_init
                0x0000000000030898       0x7c _build/nrf52832_xxaa/app_timer2.c.o
                0x0000000000030898                app_timer_init
 .text.app_timer_create
                0x0000000000030914       0x52 _build/nrf52832_xxaa/app_timer2.c.o
                0x0000000000030914                app_timer_create
 .text.app_timer_start
                0x0000000000030966       0x9a _build/nrf52832_xxaa/app_timer2.c.o
                0x0000000000030966                app_timer_start
 .text.app_timer_stop
                0x0000000000030a00       0x6e _build/nrf52832_xxaa/app_timer2.c.o
                0x0000000000030a00                app_timer_stop
 *fill*         0x0000000000030a6e        0x2 
 .text.app_timer_cnt_get
                0x0000000000030a70       0x14 _build/nrf52832_xxaa/app_timer2.c.o
                0x0000000000030a70                app_timer_cnt_get
 .text.nrfx_coredep_delay_us
                0x0000000000030a84       0x30 _build/nrf52832_xxaa/nrf_drv_twi.c.o
 .text.nrf_gpio_pin_port_decode
                0x0000000000030ab4       0x18 _build/nrf52832_xxaa/nrf_drv_twi.c.o
 .text.nrf_gpio_pin_set
                0x0000000000030acc       0x2a _build/nrf52832_xxaa/nrf_drv_twi.c.o
 .text.nrf_gpio_pin_clear
                0x0000000000030af6       0x2a _build/nrf52832_xxaa/nrf_drv_twi.c.o
 .text.nrf_gpio_pin_read
                0x0000000000030b20       0x2c _build/nrf52832_xxaa/nrf_drv_twi.c.o
 .text.nrf_gpio_port_in_read
                0x0000000000030b4c       0x1a _build/nrf52832_xxaa/nrf_drv_twi.c.o
 .text.nrf_gpio_port_out_set
                0x0000000000030b66       0x1e _build/nrf52832_xxaa/nrf_drv_twi.c.o
 .text.nrf_gpio_port_out_clear
                0x0000000000030b84       0x1e _build/nrf52832_xxaa/nrf_drv_twi.c.o
 .text.twi_clear_bus
                0x0000000000030ba2       0xe0 _build/nrf52832_xxaa/nrf_drv_twi.c.o
 *fill*         0x0000000000030c82        0x2 
 .text.twi_evt_handler
                0x0000000000030c84       0x64 _build/nrf52832_xxaa/nrf_drv_twi.c.o
 .text.nrf_drv_twi_init
                0x0000000000030ce8       0x6c _build/nrf52832_xxaa/nrf_drv_twi.c.o
                0x0000000000030ce8                nrf_drv_twi_init
 .text.__NVIC_EnableIRQ
                0x0000000000030d54       0x3c _build/nrf52832_xxaa/nrfx_twi.c.o
 .text.__NVIC_SetPriority
                0x0000000000030d90       0x54 _build/nrf52832_xxaa/nrfx_twi.c.o
 .text.nrfx_get_irq_number
                0x0000000000030de4       0x1a _build/nrf52832_xxaa/nrfx_twi.c.o
 .text._NRFX_IRQ_PRIORITY_SET
                0x0000000000030dfe       0x26 _build/nrf52832_xxaa/nrfx_twi.c.o
 .text._NRFX_IRQ_ENABLE
                0x0000000000030e24       0x1c _build/nrf52832_xxaa/nrfx_twi.c.o
 .text.nrf_twi_task_trigger
                0x0000000000030e40       0x22 _build/nrf52832_xxaa/nrfx_twi.c.o
 .text.nrf_twi_event_clear
                0x0000000000030e62       0x2e _build/nrf52832_xxaa/nrfx_twi.c.o
 .text.nrf_twi_event_check
                0x0000000000030e90       0x2a _build/nrf52832_xxaa/nrfx_twi.c.o
 .text.nrf_twi_int_enable
                0x0000000000030eba       0x1e _build/nrf52832_xxaa/nrfx_twi.c.o
 .text.nrf_twi_int_disable
                0x0000000000030ed8       0x1e _build/nrf52832_xxaa/nrfx_twi.c.o
 .text.nrf_twi_enable
                0x0000000000030ef6       0x1c _build/nrf52832_xxaa/nrfx_twi.c.o
 .text.nrf_twi_disable
                0x0000000000030f12       0x1c _build/nrf52832_xxaa/nrfx_twi.c.o
 .text.nrf_twi_pins_set
                0x0000000000030f2e       0x28 _build/nrf52832_xxaa/nrfx_twi.c.o
 .text.nrf_twi_frequency_set
                0x0000000000030f56       0x1e _build/nrf52832_xxaa/nrfx_twi.c.o
 .text.nrf_twi_errorsrc_get_and_clear
                0x0000000000030f74       0x26 _build/nrf52832_xxaa/nrfx_twi.c.o
 .text.nrf_twi_address_set
                0x0000000000030f9a       0x20 _build/nrf52832_xxaa/nrfx_twi.c.o
 .text.nrf_twi_rxd_get
                0x0000000000030fba       0x1c _build/nrf52832_xxaa/nrfx_twi.c.o
 .text.nrf_twi_txd_set
                0x0000000000030fd6       0x20 _build/nrf52832_xxaa/nrfx_twi.c.o
 .text.nrf_twi_shorts_set
                0x0000000000030ff6       0x1e _build/nrf52832_xxaa/nrfx_twi.c.o
 .text.nrf_gpio_pin_port_decode
                0x0000000000031014       0x18 _build/nrf52832_xxaa/nrfx_twi.c.o
 .text.nrf_gpio_cfg
                0x000000000003102c       0x54 _build/nrf52832_xxaa/nrfx_twi.c.o
 .text.twi_process_error
                0x0000000000031080       0x4a _build/nrf52832_xxaa/nrfx_twi.c.o
 .text.xfer_completeness_check
                0x00000000000310ca       0x30 _build/nrf52832_xxaa/nrfx_twi.c.o
 *fill*         0x00000000000310fa        0x2 
 .text.nrfx_twi_init
                0x00000000000310fc      0x130 _build/nrf52832_xxaa/nrfx_twi.c.o
                0x00000000000310fc                nrfx_twi_init
 .text.nrfx_twi_enable
                0x000000000003122c       0x3c _build/nrf52832_xxaa/nrfx_twi.c.o
                0x000000000003122c                nrfx_twi_enable
 .text.twi_send_byte
                0x0000000000031268       0x74 _build/nrf52832_xxaa/nrfx_twi.c.o
 .text.twi_receive_byte
                0x00000000000312dc       0xaa _build/nrf52832_xxaa/nrfx_twi.c.o
 .text.twi_transfer
                0x0000000000031386      0x19a _build/nrf52832_xxaa/nrfx_twi.c.o
 .text.twi_tx_start_transfer
                0x0000000000031520       0xf4 _build/nrf52832_xxaa/nrfx_twi.c.o
 .text.twi_rx_start_transfer
                0x0000000000031614      0x10c _build/nrf52832_xxaa/nrfx_twi.c.o
 .text.twi_xfer
                0x0000000000031720      0x110 _build/nrf52832_xxaa/nrfx_twi.c.o
 .text.nrfx_twi_xfer
                0x0000000000031830       0x44 _build/nrf52832_xxaa/nrfx_twi.c.o
                0x0000000000031830                nrfx_twi_xfer
 .text.nrfx_twi_tx
                0x0000000000031874       0x4c _build/nrf52832_xxaa/nrfx_twi.c.o
                0x0000000000031874                nrfx_twi_tx
 .text.nrfx_twi_rx
                0x00000000000318c0       0x40 _build/nrf52832_xxaa/nrfx_twi.c.o
                0x00000000000318c0                nrfx_twi_rx
 .text.twi_irq_handler
                0x0000000000031900      0x128 _build/nrf52832_xxaa/nrfx_twi.c.o
 .text.SPIM0_SPIS0_TWIM0_TWIS0_SPI0_TWI0_IRQHandler
                0x0000000000031a28       0x18 _build/nrf52832_xxaa/nrfx_twi.c.o
                0x0000000000031a28                SPIM0_SPIS0_TWIM0_TWIS0_SPI0_TWI0_IRQHandler
 .text.nrf_drv_twi_enable
                0x0000000000031a40       0x1a _build/nrf52832_xxaa/oled.c.o
 .text.nrf_drv_twi_tx
                0x0000000000031a5a       0x3a _build/nrf52832_xxaa/oled.c.o
 .text.nrf_drv_twi_rx
                0x0000000000031a94       0x32 _build/nrf52832_xxaa/oled.c.o
 *fill*         0x0000000000031ac6        0x2 
 .text.twi_init
                0x0000000000031ac8       0x58 _build/nrf52832_xxaa/oled.c.o
                0x0000000000031ac8                twi_init
 .text.twi_scanner
                0x0000000000031b20       0xd8 _build/nrf52832_xxaa/oled.c.o
                0x0000000000031b20                twi_scanner
 .text.oled_i2cWrite
                0x0000000000031bf8       0xa4 _build/nrf52832_xxaa/oled.c.o
                0x0000000000031bf8                oled_i2cWrite
 .text.oled_init
                0x0000000000031c9c       0xd8 _build/nrf52832_xxaa/oled.c.o
                0x0000000000031c9c                oled_init
 .text.oled_setBrightness
                0x0000000000031d74       0x24 _build/nrf52832_xxaa/oled.c.o
                0x0000000000031d74                oled_setBrightness
 .text.oled_setCursor
                0x0000000000031d98       0x78 _build/nrf52832_xxaa/oled.c.o
                0x0000000000031d98                oled_setCursor
 .text.oled_goNextLine
                0x0000000000031e10       0x34 _build/nrf52832_xxaa/oled.c.o
                0x0000000000031e10                oled_goNextLine
 .text.oled_printChar
                0x0000000000031e44       0x8c _build/nrf52832_xxaa/oled.c.o
                0x0000000000031e44                oled_printChar
 .text.oled_printString
                0x0000000000031ed0       0x2c _build/nrf52832_xxaa/oled.c.o
                0x0000000000031ed0                oled_printString
 .text.oled_fill
                0x0000000000031efc       0x38 _build/nrf52832_xxaa/oled.c.o
                0x0000000000031efc                oled_fill
 .text          0x0000000000031f34        0xc /usr/lib/gcc/arm-none-eabi/10.3.1/../../../arm-none-eabi/lib/thumb/v7e-m+fp/hard/libc_nano.a(lib_a-atexit.o)
                0x0000000000031f34                atexit
 .text          0x0000000000031f40       0x28 /usr/lib/gcc/arm-none-eabi/10.3.1/../../../arm-none-eabi/lib/thumb/v7e-m+fp/hard/libc_nano.a(lib_a-exit.o)
                0x0000000000031f40                exit
 .text          0x0000000000031f68       0x2c /usr/lib/gcc/arm-none-eabi/10.3.1/../../../arm-none-eabi/lib/thumb/v7e-m+fp/hard/libc_nano.a(lib_a-fini.o)
                0x0000000000031f68                __libc_fini_array
 .text          0x0000000000031f94       0x48 /usr/lib/gcc/arm-none-eabi/10.3.1/../../../arm-none-eabi/lib/thumb/v7e-m+fp/hard/libc_nano.a(lib_a-init.o)
                0x0000000000031f94                __libc_init_array
 .text          0x0000000000031fdc      0x134 /usr/lib/gcc/arm-none-eabi/10.3.1/../../../arm-none-eabi/lib/thumb/v7e-m+fp/hard/libc_nano.a(lib_a-memcpy.o)
                0x0000000000031fdc                memcpy
 .text          0x0000000000032110       0xa4 /usr/lib/gcc/arm-none-eabi/10.3.1/../../../arm-none-eabi/lib/thumb/v7e-m+fp/hard/libc_nano.a(lib_a-memset.o)
                0x0000000000032110                memset
 *fill*         0x00000000000321b4        0xc 
 .text          0x00000000000321c0       0xdc /usr/lib/gcc/arm-none-eabi/10.3.1/../../../arm-none-eabi/lib/thumb/v7e-m+fp/hard/libc_nano.a(lib_a-strlen.o)
                0x00000000000321c0                strlen
 .text          0x000000000003229c       0xac /usr/lib/gcc/arm-none-eabi/10.3.1/../../../arm-none-eabi/lib/thumb/v7e-m+fp/hard/libc_nano.a(lib_a-__atexit.o)
                0x000000000003229c                __register_exitproc
 .text          0x0000000000032348       0xc8 /usr/lib/gcc/arm-none-eabi/10.3.1/../../../arm-none-eabi/lib/thumb/v7e-m+fp/hard/libc_nano.a(lib_a-__call_atexit.o)
                0x0000000000032348                __call_exitprocs
 .text          0x0000000000032410        0x4 /usr/lib/gcc/arm-none-eabi/10.3.1/../../../arm-none-eabi/lib/thumb/v7e-m+fp/hard/libnosys.a(_exit.o)
                0x0000000000032410                _exit
 *(.init)
 .init          0x0000000000032414        0x4 /usr/lib/gcc/arm-none-eabi/10.3.1/thumb/v7e-m+fp/hard/crti.o
                0x0000000000032414                _init
 .init          0x0000000000032418        0x8 /usr/lib/gcc/arm-none-eabi/10.3.1/thumb/v7e-m+fp/hard/crtn.o
 *(.fini)
 .fini          0x0000000000032420        0x4 /usr/lib/gcc/arm-none-eabi/10.3.1/thumb/v7e-m+fp/hard/crti.o
                0x0000000000032420                _fini
 .fini          0x0000000000032424        0x8 /usr/lib/gcc/arm-none-eabi/10.3.1/thumb/v7e-m+fp/hard/crtn.o
 *crtbegin.o(.ctors)
 *crtbegin?.o(.ctors)
 *(EXCLUDE_FILE(*crtend.o *crtend?.o) .ctors)
 *(SORT_BY_NAME(.ctors.*))
 *(.ctors)
 *crtbegin.o(.dtors)
 *crtbegin?.o(.dtors)
 *(EXCLUDE_FILE(*crtend.o *crtend?.o) .dtors)
 *(SORT_BY_NAME(.dtors.*))
 *(.dtors)
 *(.rodata*)
 .rodata        0x000000000003242c       0x20 _build/nrf52832_xxaa/nrf_log_backend_uart.c.o
 .rodata.nrf_log_backend_uart_api
                0x000000000003244c        0xc _build/nrf52832_xxaa/nrf_log_backend_uart.c.o
                0x000000000003244c                nrf_log_backend_uart_api
 .rodata        0x0000000000032458       0x11 _build/nrf52832_xxaa/nrf_log_default_backends.c.o
 *fill*         0x0000000000032469        0x3 
 .rodata.m_log_push_ringbuf
                0x000000000003246c        0xc _build/nrf52832_xxaa/nrf_log_frontend.c.o
 .rodata        0x0000000000032478       0x15 _build/nrf52832_xxaa/nrf_log_frontend.c.o
 *fill*         0x000000000003248d        0x3 
 .rodata        0x0000000000032490       0xaa _build/nrf52832_xxaa/nrf_log_str_formatter.c.o
 *fill*         0x000000000003253a        0x2 
 .rodata        0x000000000003253c        0xb _build/nrf52832_xxaa/app_button.c.o
 *fill*         0x0000000000032547        0x1 
 .rodata.m_detection_delay_timer_id
                0x0000000000032548        0x4 _build/nrf52832_xxaa/app_button.c.o
 .rodata        0x000000000003254c       0x19 _build/nrf52832_xxaa/app_error_weak.c.o
 *fill*         0x0000000000032565        0x3 
 .rodata._aV2C.0
                0x0000000000032568       0x10 _build/nrf52832_xxaa/nrf_fprintf_format.c.o
 .rodata        0x0000000000032578        0x9 _build/nrf52832_xxaa/nrf_pwr_mgmt.c.o
 *fill*         0x0000000000032581        0x3 
 .rodata.pwr_mgmt_data
                0x0000000000032584        0xc _build/nrf52832_xxaa/nrf_pwr_mgmt.c.o
 .rodata        0x0000000000032590        0x9 _build/nrf52832_xxaa/nrf_sortlist.c.o
 *fill*         0x0000000000032599        0x3 
 .rodata.m_unknown_str
                0x000000000003259c       0x13 _build/nrf52832_xxaa/nrf_strerror.c.o
 *fill*         0x00000000000325af        0x1 
 .rodata        0x00000000000325b0      0x3e9 _build/nrf52832_xxaa/nrf_strerror.c.o
 *fill*         0x0000000000032999        0x3 
 .rodata.nrf_strerror_array
                0x000000000003299c      0x128 _build/nrf52832_xxaa/nrf_strerror.c.o
 .rodata.m_board_led_list
                0x0000000000032ac4        0x4 _build/nrf52832_xxaa/boards.c.o
 .rodata.m_board_btn_list
                0x0000000000032ac8        0x4 _build/nrf52832_xxaa/boards.c.o
 .rodata        0x0000000000032acc        0x6 _build/nrf52832_xxaa/nrf_drv_clock.c.o
 *fill*         0x0000000000032ad2        0x2 
 .rodata        0x0000000000032ad4        0x6 _build/nrf52832_xxaa/nrfx_clock.c.o
 *fill*         0x0000000000032ada        0x2 
 .rodata        0x0000000000032adc        0x7 _build/nrf52832_xxaa/nrfx_gpiote.c.o
 *fill*         0x0000000000032ae3        0x1 
 .rodata        0x0000000000032ae4        0x4 _build/nrf52832_xxaa/nrfx_prs.c.o
 .rodata        0x0000000000032ae8        0x5 _build/nrf52832_xxaa/nrfx_uart.c.o
 *fill*         0x0000000000032aed        0x3 
 .rodata.irq_handlers.0
                0x0000000000032af0        0x4 _build/nrf52832_xxaa/nrfx_uart.c.o
 .rodata        0x0000000000032af4        0x6 _build/nrf52832_xxaa/nrfx_uarte.c.o
 *fill*         0x0000000000032afa        0x2 
 .rodata.irq_handlers.0
                0x0000000000032afc        0x4 _build/nrf52832_xxaa/nrfx_uarte.c.o
 .rodata        0x0000000000032b00       0xfc _build/nrf52832_xxaa/main.c.o
 .rodata        0x0000000000032bfc      0x157 _build/nrf52832_xxaa/nrf_ble_gatt.c.o
 *fill*         0x0000000000032d53        0x1 
 .rodata        0x0000000000032d54       0x10 _build/nrf52832_xxaa/ble_lbs.c.o
 .rodata        0x0000000000032d64        0xc _build/nrf52832_xxaa/nrf_sdh.c.o
 .rodata.sdh_req_observers
                0x0000000000032d70        0xc _build/nrf52832_xxaa/nrf_sdh.c.o
 .rodata.sdh_state_observers
                0x0000000000032d7c        0xc _build/nrf52832_xxaa/nrf_sdh.c.o
 .rodata.sdh_stack_observers
                0x0000000000032d88        0xc _build/nrf52832_xxaa/nrf_sdh.c.o
 .rodata        0x0000000000032d94      0x241 _build/nrf52832_xxaa/nrf_sdh_ble.c.o
 *fill*         0x0000000000032fd5        0x3 
 .rodata.sdh_ble_observers
                0x0000000000032fd8        0xc _build/nrf52832_xxaa/nrf_sdh_ble.c.o
 .rodata        0x0000000000032fe4        0xc _build/nrf52832_xxaa/nrf_sdh_soc.c.o
 .rodata.sdh_soc_observers
                0x0000000000032ff0        0xc _build/nrf52832_xxaa/nrf_sdh_soc.c.o
 .rodata        0x0000000000032ffc       0x4c _build/nrf52832_xxaa/drv_rtc.c.o
 *fill*         0x0000000000033048        0x8 
 .rodata.delay_machine_code.0
                0x0000000000033050        0x6 _build/nrf52832_xxaa/drv_rtc.c.o
 *fill*         0x0000000000033056        0x2 
 .rodata        0x0000000000033058       0x10 _build/nrf52832_xxaa/app_timer2.c.o
 .rodata.m_app_timer_sortlist
                0x0000000000033068        0xc _build/nrf52832_xxaa/app_timer2.c.o
 *fill*         0x0000000000033074        0xc 
 .rodata.delay_machine_code.0
                0x0000000000033080        0x6 _build/nrf52832_xxaa/nrf_drv_twi.c.o
 *fill*         0x0000000000033086        0x2 
 .rodata        0x0000000000033088        0x4 _build/nrf52832_xxaa/nrfx_twi.c.o
 .rodata.irq_handlers.0
                0x000000000003308c        0x4 _build/nrf52832_xxaa/nrfx_twi.c.o
 .rodata.m_twi  0x0000000000033090       0x10 _build/nrf52832_xxaa/oled.c.o
 .rodata.SSD1306_font
                0x00000000000330a0      0x1db _build/nrf52832_xxaa/oled.c.o
 *fill*         0x000000000003327b        0x1 
 .rodata        0x000000000003327c       0x8d _build/nrf52832_xxaa/oled.c.o
 *fill*         0x0000000000033309        0x3 
 .rodata        0x000000000003330c      0x101 /usr/lib/gcc/arm-none-eabi/10.3.1/../../../arm-none-eabi/lib/thumb/v7e-m+fp/hard/libc_nano.a(lib_a-ctype_.o)
                0x000000000003330c                _ctype_
 *fill*         0x000000000003340d        0x3 
 .rodata        0x0000000000033410        0x4 /usr/lib/gcc/arm-none-eabi/10.3.1/../../../arm-none-eabi/lib/thumb/v7e-m+fp/hard/libc_nano.a(lib_a-impure.o)
                0x0000000000033410                _global_impure_ptr
 *(.eh_frame*)
 .eh_frame      0x0000000000033414        0x0 /usr/lib/gcc/arm-none-eabi/10.3.1/thumb/v7e-m+fp/hard/crtbegin.o
 .eh_frame      0x0000000000033414        0x4 /usr/lib/gcc/arm-none-eabi/10.3.1/thumb/v7e-m+fp/hard/crtend.o

.glue_7         0x0000000000033418        0x0
 .glue_7        0x0000000000033418        0x0 linker stubs

.glue_7t        0x0000000000033418        0x0
 .glue_7t       0x0000000000033418        0x0 linker stubs

.vfp11_veneer   0x0000000000033418        0x0
 .vfp11_veneer  0x0000000000033418        0x0 linker stubs

.v4_bx          0x0000000000033418        0x0
 .v4_bx         0x0000000000033418        0x0 linker stubs

.iplt           0x0000000000033418        0x0
 .iplt          0x0000000000033418        0x0 /usr/lib/gcc/arm-none-eabi/10.3.1/thumb/v7e-m+fp/hard/crtbegin.o

.mem_section_dummy_rom

.sdh_soc_observers
                0x0000000000033418        0x8
                0x0000000000033418                PROVIDE (__start_sdh_soc_observers = .)
 *(SORT_BY_NAME(.sdh_soc_observers*))
 .sdh_soc_observers0
                0x0000000000033418        0x8 _build/nrf52832_xxaa/nrf_drv_clock.c.o
                0x0000000000033420                PROVIDE (__stop_sdh_soc_observers = .)

.pwr_mgmt_data  0x0000000000033420        0x0
                0x0000000000033420                PROVIDE (__start_pwr_mgmt_data = .)
 *(SORT_BY_NAME(.pwr_mgmt_data*))
                0x0000000000033420                PROVIDE (__stop_pwr_mgmt_data = .)

.sdh_ble_observers
                0x0000000000033420       0x30
                0x0000000000033420                PROVIDE (__start_sdh_ble_observers = .)
 *(SORT_BY_NAME(.sdh_ble_observers*))
 .sdh_ble_observers0
                0x0000000000033420        0x8 _build/nrf52832_xxaa/ble_conn_state.c.o
 .sdh_ble_observers1
                0x0000000000033428        0x8 _build/nrf52832_xxaa/main.c.o
 .sdh_ble_observers1
                0x0000000000033430        0x8 _build/nrf52832_xxaa/ble_conn_params.c.o
 .sdh_ble_observers2
                0x0000000000033438       0x10 _build/nrf52832_xxaa/main.c.o
 .sdh_ble_observers3
                0x0000000000033448        0x8 _build/nrf52832_xxaa/main.c.o
                0x0000000000033450                PROVIDE (__stop_sdh_ble_observers = .)

.sdh_req_observers
                0x0000000000033450        0x0
                0x0000000000033450                PROVIDE (__start_sdh_req_observers = .)
 *(SORT_BY_NAME(.sdh_req_observers*))
                0x0000000000033450                PROVIDE (__stop_sdh_req_observers = .)

.sdh_state_observers
                0x0000000000033450        0x8
                0x0000000000033450                PROVIDE (__start_sdh_state_observers = .)
 *(SORT_BY_NAME(.sdh_state_observers*))
 .sdh_state_observers0
                0x0000000000033450        0x8 _build/nrf52832_xxaa/nrf_drv_clock.c.o
                0x0000000000033458                PROVIDE (__stop_sdh_state_observers = .)

.sdh_stack_observers
                0x0000000000033458       0x10
                0x0000000000033458                PROVIDE (__start_sdh_stack_observers = .)
 *(SORT_BY_NAME(.sdh_stack_observers*))
 .sdh_stack_observers0
                0x0000000000033458        0x8 _build/nrf52832_xxaa/nrf_sdh_ble.c.o
 .sdh_stack_observers0
                0x0000000000033460        0x8 _build/nrf52832_xxaa/nrf_sdh_soc.c.o
                0x0000000000033468                PROVIDE (__stop_sdh_stack_observers = .)

.nrf_queue      0x0000000000033468        0x0
                [!provide]                        PROVIDE (__start_nrf_queue = .)
 *(.nrf_queue)
                [!provide]                        PROVIDE (__stop_nrf_queue = .)

.nrf_balloc     0x0000000000033468       0x14
                [!provide]                        PROVIDE (__start_nrf_balloc = .)
 *(.nrf_balloc)
 .nrf_balloc    0x0000000000033468       0x14 _build/nrf52832_xxaa/nrf_log_frontend.c.o
                0x0000000000033468                log_mempool
                [!provide]                        PROVIDE (__stop_nrf_balloc = .)

.cli_command    0x000000000003347c        0x0
                [!provide]                        PROVIDE (__start_cli_command = .)
 *(.cli_command)
                [!provide]                        PROVIDE (__stop_cli_command = .)

.crypto_data    0x000000000003347c        0x0
                [!provide]                        PROVIDE (__start_crypto_data = .)
 *(SORT_BY_NAME(.crypto_data*))
                [!provide]                        PROVIDE (__stop_crypto_data = .)

.log_const_data
                0x000000000003347c       0x80
                0x000000000003347c                PROVIDE (__start_log_const_data = .)
 *(SORT_BY_NAME(.log_const_data*))
 .log_const_data_CLOCK
                0x000000000003347c        0x8 _build/nrf52832_xxaa/nrfx_clock.c.o
                0x000000000003347c                m_nrf_log_CLOCK_logs_data_const
 .log_const_data_GPIOTE
                0x0000000000033484        0x8 _build/nrf52832_xxaa/nrfx_gpiote.c.o
                0x0000000000033484                m_nrf_log_GPIOTE_logs_data_const
 .log_const_data_PRS
                0x000000000003348c        0x8 _build/nrf52832_xxaa/nrfx_prs.c.o
                0x000000000003348c                m_nrf_log_PRS_logs_data_const
 .log_const_data_TWI
                0x0000000000033494        0x8 _build/nrf52832_xxaa/nrfx_twi.c.o
                0x0000000000033494                m_nrf_log_TWI_logs_data_const
 .log_const_data_UART
                0x000000000003349c        0x8 _build/nrf52832_xxaa/nrfx_uart.c.o
                0x000000000003349c                m_nrf_log_UART_logs_data_const
 .log_const_data_UARTE
                0x00000000000334a4        0x8 _build/nrf52832_xxaa/nrfx_uarte.c.o
                0x00000000000334a4                m_nrf_log_UARTE_logs_data_const
 .log_const_data_app
                0x00000000000334ac        0x8 _build/nrf52832_xxaa/nrf_log_frontend.c.o
                0x00000000000334ac                m_nrf_log_app_logs_data_const
 .log_const_data_app_button
                0x00000000000334b4        0x8 _build/nrf52832_xxaa/app_button.c.o
                0x00000000000334b4                m_nrf_log_app_button_logs_data_const
 .log_const_data_app_timer
                0x00000000000334bc        0x8 _build/nrf52832_xxaa/app_timer2.c.o
                0x00000000000334bc                m_nrf_log_app_timer_logs_data_const
 .log_const_data_clock
                0x00000000000334c4        0x8 _build/nrf52832_xxaa/nrf_drv_clock.c.o
                0x00000000000334c4                m_nrf_log_clock_logs_data_const
 .log_const_data_nrf_ble_gatt
                0x00000000000334cc        0x8 _build/nrf52832_xxaa/nrf_ble_gatt.c.o
                0x00000000000334cc                m_nrf_log_nrf_ble_gatt_logs_data_const
 .log_const_data_nrf_sdh
                0x00000000000334d4        0x8 _build/nrf52832_xxaa/nrf_sdh.c.o